
Allocating common symbols
Common symbol       size              file

ide_devices         0xa0              drivers/x86_64/disk.x86_64.o
kmalloc_addr        0x8               vm/x86_64/mm_virt.x86_64.o
used_blocks         0x8               vm/x86_64/mm_phys.x86_64.o
polltty_gcd         0x8               drivers/x86_64/polltty.x86_64.o
_mem_bitmap         0x8               vm/x86_64/mm_phys.x86_64.o
total_blocks        0x8               vm/x86_64/mm_phys.x86_64.o
pt_pool             0x400000          vm/x86_64/mm_virt.x86_64.o
fdts                0x40800           proc/fdt.x86_64.o
highest_page        0x8               vm/x86_64/mm_phys.x86_64.o
tss_descriptors     0x1c0             kernel/x86_64/tss.x86_64.o
tty_dev             0x8               drivers/x86_64/polltty.x86_64.o
thread_table        0x800             kernel/thread.x86_64.o
stalloced_total     0x8               kernel/stalloc.x86_64.o
memory_size         0x8               vm/x86_64/mm_phys.x86_64.o
fdt_lock            0x4               proc/fdt.x86_64.o
ide_gbd             0xa0              drivers/x86_64/disk.x86_64.o
pt_bitmap           0x80              vm/x86_64/mm_virt.x86_64.o
bitmap_size         0x8               vm/x86_64/mm_phys.x86_64.o
physmem_lock        0x8               vm/x86_64/mm_phys.x86_64.o
scheduler_current_thread
                    0x10              kernel/scheduler.x86_64.o
kb_code             0x4               drivers/x86_64/keyboard.x86_64.o
ide_channels        0x48              drivers/x86_64/disk.x86_64.o
ide_dev             0x80              drivers/x86_64/disk.x86_64.o
thread_table_klock  0x4               kernel/thread.x86_64.o
process_table       0xa00             proc/process.x86_64.o
thread_stack_areas  0x20000           kernel/thread.x86_64.o
polltty_iobase      0x8               drivers/x86_64/polltty.x86_64.o

Discarded input sections

 .comment       0x0000000000000000       0x35 init/x86_64/main.x86_64.o
 .eh_frame      0x0000000000000000       0x38 init/x86_64/main.x86_64.o
 .comment       0x0000000000000000       0x35 kernel/x86_64/_spinlock.x86_64.o
 .eh_frame      0x0000000000000000       0x58 kernel/x86_64/_spinlock.x86_64.o
 .comment       0x0000000000000000       0x35 kernel/x86_64/cswitch.x86_64.o
 .eh_frame      0x0000000000000000       0xd8 kernel/x86_64/cswitch.x86_64.o
 .comment       0x0000000000000000       0x35 kernel/x86_64/interrupt.x86_64.o
 .eh_frame      0x0000000000000000      0x118 kernel/x86_64/interrupt.x86_64.o
 .comment       0x0000000000000000       0x35 kernel/x86_64/stubs.x86_64.o
 .eh_frame      0x0000000000000000       0x58 kernel/x86_64/stubs.x86_64.o
 .comment       0x0000000000000000       0x35 kernel/x86_64/gdt.x86_64.o
 .eh_frame      0x0000000000000000       0x78 kernel/x86_64/gdt.x86_64.o
 .comment       0x0000000000000000       0x35 kernel/x86_64/idt.x86_64.o
 .eh_frame      0x0000000000000000       0x58 kernel/x86_64/idt.x86_64.o
 .comment       0x0000000000000000       0x35 kernel/x86_64/exception.x86_64.o
 .eh_frame      0x0000000000000000       0x38 kernel/x86_64/exception.x86_64.o
 .comment       0x0000000000000000       0x35 kernel/x86_64/pic.x86_64.o
 .eh_frame      0x0000000000000000       0xf8 kernel/x86_64/pic.x86_64.o
 .comment       0x0000000000000000       0x35 kernel/x86_64/tss.x86_64.o
 .eh_frame      0x0000000000000000       0xb8 kernel/x86_64/tss.x86_64.o
 .comment       0x0000000000000000       0x35 vm/x86_64/mm_phys.x86_64.o
 .eh_frame      0x0000000000000000      0x178 vm/x86_64/mm_phys.x86_64.o
 .comment       0x0000000000000000       0x35 vm/x86_64/mm_virt.x86_64.o
 .eh_frame      0x0000000000000000      0x2d8 vm/x86_64/mm_virt.x86_64.o
 .comment       0x0000000000000000       0x35 lib/x86_64/asm.x86_64.o
 .eh_frame      0x0000000000000000       0xb8 lib/x86_64/asm.x86_64.o
 .comment       0x0000000000000000       0x35 lib/x86_64/srand.x86_64.o
 .eh_frame      0x0000000000000000       0x58 lib/x86_64/srand.x86_64.o
 .comment       0x0000000000000000       0x35 drivers/x86_64/polltty.x86_64.o
 .eh_frame      0x0000000000000000       0x78 drivers/x86_64/polltty.x86_64.o
 .comment       0x0000000000000000       0x35 drivers/x86_64/tty.x86_64.o
 .eh_frame      0x0000000000000000       0x78 drivers/x86_64/tty.x86_64.o
 .comment       0x0000000000000000       0x35 drivers/x86_64/device.x86_64.o
 .eh_frame      0x0000000000000000       0x78 drivers/x86_64/device.x86_64.o
 .comment       0x0000000000000000       0x35 drivers/x86_64/pit.x86_64.o
 .eh_frame      0x0000000000000000       0xd8 drivers/x86_64/pit.x86_64.o
 .comment       0x0000000000000000       0x35 drivers/x86_64/keyboard.x86_64.o
 .eh_frame      0x0000000000000000      0x158 drivers/x86_64/keyboard.x86_64.o
 .comment       0x0000000000000000       0x35 drivers/x86_64/disk.x86_64.o
 .eh_frame      0x0000000000000000      0x158 drivers/x86_64/disk.x86_64.o
 .comment       0x0000000000000000       0x35 drivers/x86_64/metadev.x86_64.o
 .eh_frame      0x0000000000000000       0x38 drivers/x86_64/metadev.x86_64.o
 .comment       0x0000000000000000       0x35 drivers/x86_64/pci.x86_64.o
 .eh_frame      0x0000000000000000       0xa0 drivers/x86_64/pci.x86_64.o
 .comment       0x0000000000000000       0x35 proc/x86_64/_syscall.x86_64.o
 .eh_frame      0x0000000000000000       0x58 proc/x86_64/_syscall.x86_64.o
 .comment       0x0000000000000000       0x35 proc/x86_64/_proc.x86_64.o
 .eh_frame      0x0000000000000000       0x38 proc/x86_64/_proc.x86_64.o
 .comment       0x0000000000000000       0x35 init/common.x86_64.o
 .eh_frame      0x0000000000000000       0x58 init/common.x86_64.o
 .comment       0x0000000000000000       0x35 kernel/panic.x86_64.o
 .eh_frame      0x0000000000000000       0x38 kernel/panic.x86_64.o
 .comment       0x0000000000000000       0x35 kernel/thread.x86_64.o
 .eh_frame      0x0000000000000000      0x138 kernel/thread.x86_64.o
 .comment       0x0000000000000000       0x35 kernel/scheduler.x86_64.o
 .eh_frame      0x0000000000000000       0xb8 kernel/scheduler.x86_64.o
 .comment       0x0000000000000000       0x35 kernel/sleepq.x86_64.o
 .eh_frame      0x0000000000000000       0x98 kernel/sleepq.x86_64.o
 .comment       0x0000000000000000       0x35 kernel/semaphore.x86_64.o
 .eh_frame      0x0000000000000000       0xb8 kernel/semaphore.x86_64.o
 .comment       0x0000000000000000       0x35 kernel/halt.x86_64.o
 .eh_frame      0x0000000000000000       0x38 kernel/halt.x86_64.o
 .comment       0x0000000000000000       0x35 kernel/stalloc.x86_64.o
 .eh_frame      0x0000000000000000       0x78 kernel/stalloc.x86_64.o
 .comment       0x0000000000000000       0x35 kernel/klock.x86_64.o
 .eh_frame      0x0000000000000000       0x78 kernel/klock.x86_64.o
 .comment       0x0000000000000000       0x35 lib/libc.x86_64.o
 .eh_frame      0x0000000000000000      0x1f8 lib/libc.x86_64.o
 .comment       0x0000000000000000       0x35 lib/xprintf.x86_64.o
 .eh_frame      0x0000000000000000      0x118 lib/xprintf.x86_64.o
 .comment       0x0000000000000000       0x35 lib/bitmap.x86_64.o
 .eh_frame      0x0000000000000000       0xb8 lib/bitmap.x86_64.o
 .comment       0x0000000000000000       0x35 lib/debug.x86_64.o
 .eh_frame      0x0000000000000000       0x38 lib/debug.x86_64.o
 .comment       0x0000000000000000       0x35 drivers/bootargs.x86_64.o
 .eh_frame      0x0000000000000000       0x78 drivers/bootargs.x86_64.o
 .comment       0x0000000000000000       0x35 drivers/disksched.x86_64.o
 .eh_frame      0x0000000000000000       0x38 drivers/disksched.x86_64.o
 .comment       0x0000000000000000       0x35 drivers/timer.x86_64.o
 .eh_frame      0x0000000000000000       0x38 drivers/timer.x86_64.o
 .comment       0x0000000000000000       0x35 drivers/modules.x86_64.o
 .eh_frame      0x0000000000000000       0x38 drivers/modules.x86_64.o
 .comment       0x0000000000000000       0x35 proc/elf.x86_64.o
 .eh_frame      0x0000000000000000       0x38 proc/elf.x86_64.o
 .comment       0x0000000000000000       0x35 proc/syscall.x86_64.o
 .eh_frame      0x0000000000000000       0x38 proc/syscall.x86_64.o
 .comment       0x0000000000000000       0x35 proc/process.x86_64.o
 .eh_frame      0x0000000000000000      0x118 proc/process.x86_64.o
 .comment       0x0000000000000000       0x35 proc/fdt.x86_64.o
 .eh_frame      0x0000000000000000       0xb8 proc/fdt.x86_64.o
 .comment       0x0000000000000000       0x35 fs/vfs.x86_64.o
 .eh_frame      0x0000000000000000      0x2b8 fs/vfs.x86_64.o
 .comment       0x0000000000000000       0x35 fs/tfs.x86_64.o
 .eh_frame      0x0000000000000000      0x198 fs/tfs.x86_64.o
 .comment       0x0000000000000000       0x35 fs/filesystems.x86_64.o
 .eh_frame      0x0000000000000000       0x78 fs/filesystems.x86_64.o
 .comment       0x0000000000000000       0x35 lib/gcc/divdi3.x86_64.o
 .eh_frame      0x0000000000000000       0x38 lib/gcc/divdi3.x86_64.o
 .comment       0x0000000000000000       0x35 lib/gcc/qdivrem.x86_64.o
 .eh_frame      0x0000000000000000       0x58 lib/gcc/qdivrem.x86_64.o
 .comment       0x0000000000000000       0x35 lib/gcc/udivdi3.x86_64.o
 .eh_frame      0x0000000000000000       0x38 lib/gcc/udivdi3.x86_64.o
 .comment       0x0000000000000000       0x35 lib/gcc/umoddi3.x86_64.o
 .eh_frame      0x0000000000000000       0x38 lib/gcc/umoddi3.x86_64.o

Memory Configuration

Name             Origin             Length             Attributes
*default*        0x0000000000000000 0xffffffffffffffff

Linker script and memory map

                0x0000000000100000                phys = 0x100000

.text           0x0000000000100000    0x15000
                0x0000000000100000                code = .
 *(.boot*)
 .boot          0x0000000000100000       0x20 init/x86_64/_boot.x86_64.o
 *(.text*)
 .text          0x0000000000100020     0x41e0 init/x86_64/_boot.x86_64.o
                0x000000000010007a                _start
 .text          0x0000000000104200      0x233 kernel/x86_64/_irq.x86_64.o
                0x0000000000104200                isr_default_handler
                0x0000000000104202                _interrupt_yield
                0x0000000000104205                _idle_thread_wait_loop
                0x0000000000104208                _timer_set_ticks
                0x0000000000104209                __enable_irq
                0x000000000010420b                __disable_irq
                0x000000000010420d                __getflags
                0x0000000000104210                yield_irq_handler
                0x00000000001042d4                IsrCommon
                0x000000000010438d                isr_handler0
                0x0000000000104396                isr_handler1
                0x000000000010439f                isr_handler2
                0x00000000001043a8                isr_handler3
                0x00000000001043b1                isr_handler4
                0x00000000001043ba                isr_handler5
                0x00000000001043c3                isr_handler6
                0x00000000001043cc                isr_handler7
                0x00000000001043d5                isr_handler8
                0x00000000001043dc                isr_handler9
                0x00000000001043e5                isr_handler10
                0x00000000001043ec                isr_handler11
                0x00000000001043f3                isr_handler12
                0x00000000001043fa                isr_handler13
                0x0000000000104401                isr_handler14
                0x0000000000104408                isr_handler15
                0x0000000000104411                isr_handler16
                0x000000000010441a                isr_handler17
                0x0000000000104421                isr_handler18
                0x000000000010442a                isr_handler19
 .text          0x0000000000104433       0x16 kernel/x86_64/spinlock.x86_64.o
                0x0000000000104433                spinlock_acquire
 .text          0x0000000000104449       0x20 lib/x86_64/_asm.x86_64.o
                0x0000000000104449                _inb
                0x0000000000104456                _outb
                0x0000000000104468                __stack_chk_fail
 .text          0x0000000000104469       0xcf drivers/x86_64/_timer.x86_64.o
                0x0000000000104469                pit_irq_handler
 .text          0x0000000000104538       0xc1 drivers/x86_64/_kb.x86_64.o
                0x0000000000104538                _keyboard_wait
                0x000000000010453b                keyboard_irq_handler
 .text          0x00000000001045f9      0x172 drivers/x86_64/_disk.x86_64.o
                0x00000000001045f9                ide_irq_handler0
                0x00000000001046b2                ide_irq_handler1
 .text          0x000000000010476b       0xc0 proc/x86_64/_sys.x86_64.o
                0x000000000010476b                syscall_irq_handler
 .text          0x000000000010482b      0x443 init/x86_64/main.x86_64.o
                0x000000000010482b                init
 .text          0x0000000000104c6e       0x32 kernel/x86_64/_spinlock.x86_64.o
                0x0000000000104c6e                spinlock_reset
                0x0000000000104c87                spinlock_release
 .text          0x0000000000104ca0      0x5ff kernel/x86_64/cswitch.x86_64.o
                0x0000000000104ca0                _context_init
                0x0000000000104ed5                _context_enter_userland
                0x0000000000105101                _context_set_ip
                0x0000000000105120                _context_enable_ints
                0x0000000000105189                _context_set_sp
                0x00000000001051a7                task_switch
 .text          0x000000000010529f      0x4c3 kernel/x86_64/interrupt.x86_64.o
                0x000000000010529f                _interrupt_disable
                0x00000000001052c7                _interrupt_enable
                0x00000000001052ef                _interrupt_set_state
                0x000000000010531c                _interrupt_get_state
                0x000000000010534d                _interrupt_is_disabled
                0x0000000000105367                interrupt_init
                0x0000000000105417                interrupt_register
                0x0000000000105450                interrupt_handle
 .text          0x0000000000105762       0x4e kernel/x86_64/stubs.x86_64.o
                0x0000000000105762                _interrupt_getcpu
                0x000000000010576d                shutdown
 .text          0x00000000001057b0      0x3a1 kernel/x86_64/gdt.x86_64.o
                0x00000000001057b0                gdt_init
                0x00000000001058db                gdt_install_descriptor
                0x0000000000105a48                gdt_install_tss
 .text          0x0000000000105b51      0x19d kernel/x86_64/idt.x86_64.o
                0x0000000000105b51                idt_init
                0x0000000000105bcf                idt_install_gate
 .text          0x0000000000105cee      0x2eb kernel/x86_64/exception.x86_64.o
                0x0000000000105cee                exception_init
 .text          0x0000000000105fd9      0x302 kernel/x86_64/pic.x86_64.o
                0x0000000000105fd9                pic_sendcommand
                0x0000000000106024                pic_senddata
                0x000000000010606f                pic_getdata
                0x00000000001060b3                pic_init
                0x00000000001061c7                pic_maskinterrupt
                0x000000000010622f                pic_unmaskinterrupt
                0x0000000000106299                pic_eoi
 .text          0x00000000001062db      0x1f7 kernel/x86_64/tss.x86_64.o
                0x00000000001062db                tss_flush
                0x00000000001062f3                tss_init
                0x000000000010631a                tss_install
                0x0000000000106448                tss_setstack
                0x000000000010648d                tss_setuserstack
 .text          0x00000000001064d2      0xadd vm/x86_64/mm_phys.x86_64.o
                0x00000000001064d2                memmap_setbit
                0x000000000010654c                memmap_unsetbit
                0x00000000001065c8                memmap_testbit
                0x0000000000106623                physmem_freeregion
                0x00000000001066dd                physmem_getframe
                0x000000000010679e                physmem_getframes
                0x00000000001068fa                physmem_init
                0x0000000000106b76                physmem_allocblock
                0x0000000000106cc2                physmem_freeblock
                0x0000000000106d6e                physmem_allocblocks
                0x0000000000106edf                physmem_freeblocks
 .text          0x0000000000106faf      0x97b vm/x86_64/mm_virt.x86_64.o
                0x0000000000106faf                ptmap_setbit
                0x000000000010701b                ptmap_unsetbit
                0x0000000000107089                ptmap_testbit
                0x00000000001070de                vmm_cleartable
                0x0000000000107111                vmm_setattribute
                0x0000000000107139                vmm_setframe
                0x0000000000107166                vmm_get_kernel_pml4
                0x0000000000107179                vmm_new_pagetable
                0x0000000000107218                vmm_install_ptable
                0x000000000010724f                vmm_reloadcr3
                0x000000000010725c                vmm_setcr3
                0x0000000000107272                vmm_invalidatepage
                0x0000000000107288                vmm_getptable
                0x00000000001072d8                vmm_getpdir
                0x0000000000107328                vmm_getpdp
                0x0000000000107378                vm_init
                0x00000000001074bb                kmalloc
                0x00000000001075f3                vm_map
                0x000000000010781c                vm_unmap
                0x000000000010782f                vm_create_pagetable
                0x000000000010787a                vm_destroy_pagetable
                0x000000000010791f                _tlb_get_maxindex
 .text          0x000000000010792a       0xd8 lib/x86_64/asm.x86_64.o
                0x000000000010792a                _outl
                0x0000000000107946                _inw
                0x000000000010796c                _inl
                0x0000000000107990                _insw
                0x00000000001079c9                _outsw
 .text          0x0000000000107a02       0x61 lib/x86_64/srand.x86_64.o
                0x0000000000107a02                _set_rand_seed
                0x0000000000107a1f                _get_rand
 .text          0x0000000000107a63       0xbd drivers/x86_64/polltty.x86_64.o
                0x0000000000107a63                polltty_init
                0x0000000000107ac6                polltty_getchar
                0x0000000000107ae0                polltty_putchar
 .text          0x0000000000107b20      0x4f0 drivers/x86_64/tty.x86_64.o
                0x0000000000107b20                tty_init
                0x0000000000107ca7                tty_write
                0x0000000000107fa7                tty_read
 .text          0x0000000000108010      0x150 drivers/x86_64/device.x86_64.o
                0x0000000000108010                device_init
                0x000000000010808a                device_get
                0x00000000001080f9                device_register
 .text          0x0000000000108160      0x1d9 drivers/x86_64/pit.x86_64.o
                0x0000000000108160                pit_send_data
                0x00000000001081af                pit_send_command
                0x00000000001081d6                pit_start_counter
                0x0000000000108269                pit_init
                0x00000000001082ab                get_clock
                0x00000000001082bd                pit_sleepms
 .text          0x0000000000108339      0x4fe drivers/x86_64/keyboard.x86_64.o
                0x0000000000108339                keyboard_getstatus
                0x0000000000108350                keyboard_test
                0x000000000010838e                keyboard_sendencoder
                0x0000000000108417                keyboard_readdata
                0x0000000000108457                keyboard_updateLED
                0x00000000001084f5                keyboard_key_int
                0x00000000001086c9                keyboard_discardkey
                0x00000000001086e0                keyboard_init
                0x00000000001087e1                keyboard_getlastkey
                0x00000000001087f3                keyboard_getkey
 .text          0x0000000000108837     0x1733 drivers/x86_64/disk.x86_64.o
                0x0000000000108837                ide_write
                0x0000000000108a2e                ide_read
                0x0000000000108c1c                ide_delay
                0x0000000000108c88                disk_init
                0x00000000001097b9                ide_get_sectorsize
                0x0000000000109816                ide_get_sectorcount
                0x0000000000109866                ide_wait
                0x0000000000109950                ide_pio_readwrite
                0x0000000000109d66                ide_read_block
                0x0000000000109e68                ide_write_block
 .text          0x0000000000109f6a       0x12 drivers/x86_64/metadev.x86_64.o
                0x0000000000109f6a                rtc_get_msec
 .text          0x0000000000109f7c      0x456 drivers/x86_64/pci.x86_64.o
                0x0000000000109f7c                pci_read_dword
                0x0000000000109fed                get_pci_config
                0x000000000010a21e                pci_find_module
                0x000000000010a292                pci_init
 .text          0x000000000010a3d2       0xaf proc/x86_64/_syscall.x86_64.o
                0x000000000010a3d2                syscall_init
                0x000000000010a3fe                syscall_handle
 .text          0x000000000010a481       0x78 proc/x86_64/_proc.x86_64.o
                0x000000000010a481                process_set_pagetable
 .text          0x000000000010a4f9      0x33d init/common.x86_64.o
                0x000000000010a4f9                init_startup_fallback
                0x000000000010a729                init_startup_thread
 .text          0x000000000010a836       0x71 kernel/panic.x86_64.o
                0x000000000010a836                _kernel_panic
 .text          0x000000000010a8a7      0x75e kernel/thread.x86_64.o
                0x000000000010a8a7                thread_table_init
                0x000000000010aaa5                thread_create
                0x000000000010ada4                thread_run
                0x000000000010adc3                thread_switch
                0x000000000010adfa                thread_get_current_thread
                0x000000000010ae48                thread_get_thread_entry
                0x000000000010ae6e                thread_get_current_thread_entry
                0x000000000010aeca                thread_goto_userland
                0x000000000010af11                thread_finish
 .text          0x000000000010b005      0x40c kernel/scheduler.x86_64.o
                0x000000000010b005                scheduler_init
                0x000000000010b03a                scheduler_add_to_ready_list
                0x000000000010b24c                scheduler_add_ready
                0x000000000010b2c0                scheduler_schedule
 .text          0x000000000010b411      0x6b0 kernel/sleepq.x86_64.o
                0x000000000010b411                sleepq_init
                0x000000000010b45c                sleepq_add
                0x000000000010b601                sleepq_wake
                0x000000000010b83e                sleepq_wake_all
 .text          0x000000000010bac1      0x365 kernel/semaphore.x86_64.o
                0x000000000010bac1                semaphore_init
                0x000000000010bb1f                semaphore_create
                0x000000000010bce3                semaphore_destroy
                0x000000000010bcfd                semaphore_P
                0x000000000010bda2                semaphore_V
 .text          0x000000000010be26       0x5a kernel/halt.x86_64.o
                0x000000000010be26                halt_kernel
 .text          0x000000000010be80      0x1f8 kernel/stalloc.x86_64.o
                0x000000000010be80                stalloc_disable
                0x000000000010bec0                stalloc_init
                0x000000000010bf42                stalloc
 .text          0x000000000010c078       0x8b kernel/klock.x86_64.o
                0x000000000010c078                klock_init
                0x000000000010c09a                klock_lock
                0x000000000010c0cd                klock_open
 .text          0x000000000010c103      0x570 lib/libc.x86_64.o
                0x000000000010c103                kwrite
                0x000000000010c142                kread
                0x000000000010c1a8                stringcmp
                0x000000000010c225                stringcopy
                0x000000000010c2a6                memcopy
                0x000000000010c3b2                memoryset
                0x000000000010c3f9                atoi
                0x000000000010c517                strlen
                0x000000000010c548                swap16
                0x000000000010c56b                swap32
                0x000000000010c5ce                from_big_endian16
                0x000000000010c5f0                from_big_endian32
                0x000000000010c60e                to_big_endian16
                0x000000000010c630                to_big_endian32
                0x000000000010c64e                wordpad
 .text          0x000000000010c673      0xca9 lib/xprintf.x86_64.o
                0x000000000010c673                kvprintf
                0x000000000010c701                kprintf
                0x000000000010c817                vsnprintf
                0x000000000010c854                snprintf
 .text          0x000000000010d31c      0x33b lib/bitmap.x86_64.o
                0x000000000010d31c                bitmap_sizeof
                0x000000000010d33d                bitmap_init
                0x000000000010d3b7                bitmap_get
                0x000000000010d437                bitmap_set
                0x000000000010d548                bitmap_findnset
 .text          0x000000000010d657       0xc4 lib/debug.x86_64.o
                0x000000000010d657                DEBUG
 .text          0x000000000010d71b      0x354 drivers/bootargs.x86_64.o
                0x000000000010d76d                bootargs_init
                0x000000000010d99f                bootargs_get
 .text          0x000000000010da6f       0x59 drivers/disksched.x86_64.o
                0x000000000010da6f                disksched_schedule
 .text          0x000000000010dac8       0x3f drivers/timer.x86_64.o
                0x000000000010dac8                timer_set_ticks
 .text          0x000000000010db07       0xbf drivers/modules.x86_64.o
                0x000000000010db07                modules_init
 .text          0x000000000010dbc6      0x47e proc/elf.x86_64.o
                0x000000000010dbc6                elf_parse_header
 .text          0x000000000010e044      0x131 proc/syscall.x86_64.o
                0x000000000010e044                syscall_entry
 .text          0x000000000010e175      0xc10 proc/process.x86_64.o
                0x000000000010e175                setup_new_process
                0x000000000010e658                process_init
                0x000000000010e69d                process_start
                0x000000000010e7b3                process_spawn
                0x000000000010ea5f                process_get_current_process
                0x000000000010eb38                process_get_current_process_entry
                0x000000000010ebee                syscall_read
                0x000000000010ecb5                syscall_write
 .text          0x000000000010ed85      0x368 proc/fdt.x86_64.o
                0x000000000010ed85                fdt_init
                0x000000000010ee8a                fdt_alloc
                0x000000000010ef2c                fdt_open
                0x000000000010f043                fdt_read
                0x000000000010f098                fdt_write
 .text          0x000000000010f0ed     0x1c58 fs/vfs.x86_64.o
                0x000000000010f0ed                vfs_init
                0x000000000010f280                vfs_deinit
                0x000000000010f509                vfs_mount_fs
                0x000000000010f638                vfs_mount_all
                0x000000000010f9bb                vfs_mount
                0x000000000010fc25                vfs_unmount
                0x000000000010fe69                vfs_open
                0x00000000001101d2                vfs_close
                0x00000000001102bc                vfs_seek
                0x0000000000110392                vfs_read
                0x00000000001104b4                vfs_write
                0x00000000001105d6                vfs_create
                0x0000000000110714                vfs_remove
                0x000000000011083f                vfs_getfree
                0x0000000000110926                vfs_filecount
                0x0000000000110aef                vfs_file
 .text          0x0000000000110d45     0x1c02 fs/tfs.x86_64.o
                0x0000000000110d45                tfs_init
                0x0000000000111078                tfs_unmount
                0x00000000001110c4                tfs_open
                0x0000000000111251                tfs_close
                0x0000000000111267                tfs_create
                0x0000000000111888                tfs_remove
                0x0000000000111ca1                tfs_read
                0x0000000000112081                tfs_write
                0x0000000000112590                tfs_getfree
                0x000000000011268d                tfs_filecount
                0x00000000001127ac                tfs_file
 .text          0x0000000000112947      0x4cb fs/filesystems.x86_64.o
                0x0000000000112947                get_partition
                0x0000000000112a66                read_extended_partition_table
                0x0000000000112bef                filesystems_try_all
 .text          0x0000000000112e12       0x78 lib/gcc/divdi3.x86_64.o
                0x0000000000112e12                __divdi3
 .text          0x0000000000112e8a      0x7e1 lib/gcc/qdivrem.x86_64.o
                0x0000000000112e8a                __qdivrem
 .text          0x000000000011366b       0x31 lib/gcc/udivdi3.x86_64.o
                0x000000000011366b                __udivdi3
 .text          0x000000000011369c       0x34 lib/gcc/umoddi3.x86_64.o
                0x000000000011369c                __umoddi3
 *(.rodata*)
 .rodata        0x00000000001136d0      0x3ab init/x86_64/main.x86_64.o
 *fill*         0x0000000000113a7b        0x5 
 .rodata        0x0000000000113a80      0x2b0 kernel/x86_64/interrupt.x86_64.o
 .rodata        0x0000000000113d30       0x61 kernel/x86_64/stubs.x86_64.o
 *fill*         0x0000000000113d91        0x7 
 .rodata        0x0000000000113d98       0x76 vm/x86_64/mm_phys.x86_64.o
 *fill*         0x0000000000113e0e        0x2 
 .rodata        0x0000000000113e10       0xa1 vm/x86_64/mm_virt.x86_64.o
 *fill*         0x0000000000113eb1        0x7 
 .rodata        0x0000000000113eb8       0x3e drivers/x86_64/tty.x86_64.o
 *fill*         0x0000000000113ef6        0xa 
 .rodata        0x0000000000113f00      0x208 drivers/x86_64/keyboard.x86_64.o
 .rodata        0x0000000000114108       0x17 drivers/x86_64/disk.x86_64.o
 *fill*         0x000000000011411f        0x1 
 .rodata        0x0000000000114120      0x34b drivers/x86_64/pci.x86_64.o
 *fill*         0x000000000011446b        0x5 
 .rodata        0x0000000000114470      0x16f init/common.x86_64.o
 *fill*         0x00000000001145df        0x1 
 .rodata        0x00000000001145e0       0x26 kernel/panic.x86_64.o
 *fill*         0x0000000000114606        0x2 
 .rodata        0x0000000000114608       0x7a kernel/thread.x86_64.o
 .rodata        0x0000000000114682       0x24 kernel/scheduler.x86_64.o
 .rodata        0x00000000001146a6       0x21 kernel/sleepq.x86_64.o
 .rodata        0x00000000001146c7       0x24 kernel/semaphore.x86_64.o
 *fill*         0x00000000001146eb        0x5 
 .rodata        0x00000000001146f0       0x58 kernel/halt.x86_64.o
 .rodata        0x0000000000114748       0xa8 kernel/stalloc.x86_64.o
 *fill*         0x00000000001147f0       0x10 
 .rodata        0x0000000000114800      0x200 lib/xprintf.x86_64.o
 .rodata        0x0000000000114a00       0x3a lib/bitmap.x86_64.o
 .rodata        0x0000000000114a3a        0x1 drivers/bootargs.x86_64.o
 *fill*         0x0000000000114a3b        0x5 
 .rodata        0x0000000000114a40       0x59 drivers/modules.x86_64.o
 .rodata        0x0000000000114a99       0x42 proc/syscall.x86_64.o
 .rodata        0x0000000000114adb       0x20 proc/process.x86_64.o
 *fill*         0x0000000000114afb        0x5 
 .rodata        0x0000000000114b00      0x2f5 fs/vfs.x86_64.o
 *fill*         0x0000000000114df5        0x3 
 .rodata        0x0000000000114df8       0xd8 fs/tfs.x86_64.o
 .rodata        0x0000000000114ed0       0xa8 fs/filesystems.x86_64.o
                0x0000000000115000                . = ALIGN (0x1000)
 *fill*         0x0000000000114f78       0x88 
                0x0000000000115000                __modules_start = .

.iplt           0x0000000000115000        0x0
 .iplt          0x0000000000115000        0x0 init/x86_64/_boot.x86_64.o

.rela.dyn       0x0000000000115000        0x0
 .rela.iplt     0x0000000000115000        0x0 init/x86_64/_boot.x86_64.o
 .rela.text     0x0000000000115000        0x0 init/x86_64/_boot.x86_64.o

modules_ptr     0x0000000000115000       0x40
 *(modules_ptr)
 modules_ptr    0x0000000000115000       0x20 drivers/x86_64/disk.x86_64.o
 modules_ptr    0x0000000000115020       0x20 drivers/x86_64/pci.x86_64.o
                0x0000000000115040                __modules_end = .

real_modules_ptr
                0x0000000000115040       0x18
 *(real_modules_ptr)
 real_modules_ptr
                0x0000000000115040       0x10 drivers/x86_64/disk.x86_64.o
 real_modules_ptr
                0x0000000000115050        0x8 drivers/x86_64/pci.x86_64.o

.data           0x0000000000115060      0xfa0
                0x0000000000115060                data = .
 *(.data*)
 .data          0x0000000000115060        0x0 init/x86_64/_boot.x86_64.o
 .data          0x0000000000115060        0x0 kernel/x86_64/_irq.x86_64.o
 .data          0x0000000000115060        0x0 kernel/x86_64/spinlock.x86_64.o
 .data          0x0000000000115060        0x0 lib/x86_64/_asm.x86_64.o
 .data          0x0000000000115060        0x0 drivers/x86_64/_timer.x86_64.o
 .data          0x0000000000115060        0x0 drivers/x86_64/_kb.x86_64.o
 .data          0x0000000000115060        0x0 drivers/x86_64/_disk.x86_64.o
 .data          0x0000000000115060        0x0 proc/x86_64/_sys.x86_64.o
 .data          0x0000000000115060        0x0 init/x86_64/main.x86_64.o
 .data          0x0000000000115060        0x0 kernel/x86_64/_spinlock.x86_64.o
 .data          0x0000000000115060        0x0 kernel/x86_64/cswitch.x86_64.o
 .data          0x0000000000115060        0x8 kernel/x86_64/interrupt.x86_64.o
                0x0000000000115060                init_stack
 .data          0x0000000000115068        0x0 kernel/x86_64/stubs.x86_64.o
 .data          0x0000000000115068        0x0 kernel/x86_64/gdt.x86_64.o
 .data          0x0000000000115068        0x0 kernel/x86_64/idt.x86_64.o
 .data          0x0000000000115068        0x0 kernel/x86_64/exception.x86_64.o
 .data          0x0000000000115068        0x0 kernel/x86_64/pic.x86_64.o
 .data          0x0000000000115068        0x0 kernel/x86_64/tss.x86_64.o
 .data          0x0000000000115068        0x0 vm/x86_64/mm_phys.x86_64.o
 .data          0x0000000000115068        0x0 vm/x86_64/mm_virt.x86_64.o
 .data          0x0000000000115068        0x0 lib/x86_64/asm.x86_64.o
 .data          0x0000000000115068        0x4 lib/x86_64/srand.x86_64.o
 .data          0x000000000011506c        0x0 drivers/x86_64/polltty.x86_64.o
 .data          0x000000000011506c        0x0 drivers/x86_64/tty.x86_64.o
 .data          0x000000000011506c        0x0 drivers/x86_64/device.x86_64.o
 .data          0x000000000011506c        0x0 drivers/x86_64/pit.x86_64.o
 .data          0x000000000011506c        0x0 drivers/x86_64/keyboard.x86_64.o
 .data          0x000000000011506c        0x0 drivers/x86_64/disk.x86_64.o
 .data          0x000000000011506c        0x0 drivers/x86_64/metadev.x86_64.o
 *fill*         0x000000000011506c       0x14 
 .data          0x0000000000115080      0x3e0 drivers/x86_64/pci.x86_64.o
 .data          0x0000000000115460        0x0 proc/x86_64/_syscall.x86_64.o
 .data          0x0000000000115460        0x0 proc/x86_64/_proc.x86_64.o
 .data          0x0000000000115460        0x0 init/common.x86_64.o
 .data          0x0000000000115460        0x0 kernel/panic.x86_64.o
 .data          0x0000000000115460        0x0 kernel/thread.x86_64.o
 .data          0x0000000000115460        0x8 kernel/scheduler.x86_64.o
 .data          0x0000000000115468        0x0 kernel/sleepq.x86_64.o
 .data          0x0000000000115468        0x0 kernel/semaphore.x86_64.o
 .data          0x0000000000115468        0x0 kernel/halt.x86_64.o
 .data          0x0000000000115468        0x0 kernel/stalloc.x86_64.o
 .data          0x0000000000115468        0x0 kernel/klock.x86_64.o
 .data          0x0000000000115468        0x0 lib/libc.x86_64.o
 .data          0x0000000000115468        0x0 lib/xprintf.x86_64.o
 .data          0x0000000000115468        0x0 lib/bitmap.x86_64.o
 .data          0x0000000000115468        0x0 lib/debug.x86_64.o
 .data          0x0000000000115468        0x0 drivers/bootargs.x86_64.o
 .data          0x0000000000115468        0x0 drivers/disksched.x86_64.o
 .data          0x0000000000115468        0x0 drivers/timer.x86_64.o
 .data          0x0000000000115468        0x0 drivers/modules.x86_64.o
 .data          0x0000000000115468        0x0 proc/elf.x86_64.o
 .data          0x0000000000115468        0x0 proc/syscall.x86_64.o
 .data          0x0000000000115468        0x0 proc/process.x86_64.o
 .data          0x0000000000115468        0x0 proc/fdt.x86_64.o
 .data          0x0000000000115468        0x0 fs/vfs.x86_64.o
 .data          0x0000000000115468        0x0 fs/tfs.x86_64.o
 *fill*         0x0000000000115468       0x18 
 .data          0x0000000000115480       0x20 fs/filesystems.x86_64.o
 .data          0x00000000001154a0        0x0 lib/gcc/divdi3.x86_64.o
 .data          0x00000000001154a0        0x4 lib/gcc/qdivrem.x86_64.o
 .data          0x00000000001154a4        0x0 lib/gcc/udivdi3.x86_64.o
 .data          0x00000000001154a4        0x0 lib/gcc/umoddi3.x86_64.o
                [!provide]                        PROVIDE (kernel_symbols_start, .)
                [!provide]                        PROVIDE (kernel_symbols_end, .)
                0x0000000000116000                . = ALIGN (0x1000)
 *fill*         0x00000000001154a4      0xb5c 

.igot.plt       0x0000000000116000        0x0
 .igot.plt      0x0000000000116000        0x0 init/x86_64/_boot.x86_64.o

.bss            0x0000000000116000   0x468d04
                0x0000000000116000                bss = .
 *(.bss*)
 .bss           0x0000000000116000        0x0 init/x86_64/_boot.x86_64.o
 .bss           0x0000000000116000        0x0 kernel/x86_64/_irq.x86_64.o
 .bss           0x0000000000116000        0x0 kernel/x86_64/spinlock.x86_64.o
 .bss           0x0000000000116000        0x0 lib/x86_64/_asm.x86_64.o
 .bss           0x0000000000116000        0x0 drivers/x86_64/_timer.x86_64.o
 .bss           0x0000000000116000        0x0 drivers/x86_64/_kb.x86_64.o
 .bss           0x0000000000116000        0x0 drivers/x86_64/_disk.x86_64.o
 .bss           0x0000000000116000        0x0 proc/x86_64/_sys.x86_64.o
 .bss           0x0000000000116000        0x0 init/x86_64/main.x86_64.o
 .bss           0x0000000000116000        0x0 kernel/x86_64/_spinlock.x86_64.o
 .bss           0x0000000000116000        0x0 kernel/x86_64/cswitch.x86_64.o
 .bss           0x0000000000116000        0x0 kernel/x86_64/interrupt.x86_64.o
 .bss           0x0000000000116000        0x0 kernel/x86_64/stubs.x86_64.o
 .bss           0x0000000000116000       0x90 kernel/x86_64/gdt.x86_64.o
 *fill*         0x0000000000116090       0x10 
 .bss           0x00000000001160a0      0xffa kernel/x86_64/idt.x86_64.o
 .bss           0x000000000011709a        0x0 kernel/x86_64/exception.x86_64.o
 .bss           0x000000000011709a        0x0 kernel/x86_64/pic.x86_64.o
 .bss           0x000000000011709a        0x0 kernel/x86_64/tss.x86_64.o
 .bss           0x000000000011709a        0x0 vm/x86_64/mm_phys.x86_64.o
 *fill*         0x000000000011709a        0x6 
 .bss           0x00000000001170a0        0xc vm/x86_64/mm_virt.x86_64.o
 .bss           0x00000000001170ac        0x0 lib/x86_64/asm.x86_64.o
 .bss           0x00000000001170ac        0x0 lib/x86_64/srand.x86_64.o
 .bss           0x00000000001170ac        0x0 drivers/x86_64/polltty.x86_64.o
 .bss           0x00000000001170ac        0x0 drivers/x86_64/tty.x86_64.o
 *fill*         0x00000000001170ac       0x14 
 .bss           0x00000000001170c0      0x404 drivers/x86_64/device.x86_64.o
 .bss           0x00000000001174c4        0x4 drivers/x86_64/pit.x86_64.o
                0x00000000001174c4                pit_counter
 .bss           0x00000000001174c8        0x6 drivers/x86_64/keyboard.x86_64.o
                0x00000000001174c8                kb_shift
                0x00000000001174c9                kb_alt
                0x00000000001174ca                kb_ctrl
                0x00000000001174cb                kb_numlock
                0x00000000001174cc                kb_capslock
                0x00000000001174cd                kb_scrolllock
 .bss           0x00000000001174ce        0x0 drivers/x86_64/disk.x86_64.o
 .bss           0x00000000001174ce        0x0 drivers/x86_64/metadev.x86_64.o
 .bss           0x00000000001174ce        0x0 drivers/x86_64/pci.x86_64.o
 .bss           0x00000000001174ce        0x0 proc/x86_64/_syscall.x86_64.o
 .bss           0x00000000001174ce        0x0 proc/x86_64/_proc.x86_64.o
 .bss           0x00000000001174ce        0x0 init/common.x86_64.o
 .bss           0x00000000001174ce        0x0 kernel/panic.x86_64.o
 *fill*         0x00000000001174ce        0x2 
 .bss           0x00000000001174d0        0x4 kernel/thread.x86_64.o
 .bss           0x00000000001174d4        0x0 kernel/scheduler.x86_64.o
 *fill*         0x00000000001174d4        0xc 
 .bss           0x00000000001174e0      0x21c kernel/sleepq.x86_64.o
 *fill*         0x00000000001176fc        0x4 
 .bss           0x0000000000117700      0x608 kernel/semaphore.x86_64.o
 .bss           0x0000000000117d08        0x0 kernel/halt.x86_64.o
 .bss           0x0000000000117d08        0x8 kernel/stalloc.x86_64.o
 .bss           0x0000000000117d10        0x0 kernel/klock.x86_64.o
 .bss           0x0000000000117d10        0x0 lib/libc.x86_64.o
 .bss           0x0000000000117d10        0x4 lib/xprintf.x86_64.o
                0x0000000000117d10                kprintf_slock
 .bss           0x0000000000117d14        0x0 lib/bitmap.x86_64.o
 .bss           0x0000000000117d14        0x0 lib/debug.x86_64.o
 *fill*         0x0000000000117d14        0xc 
 .bss           0x0000000000117d20      0x200 drivers/bootargs.x86_64.o
 .bss           0x0000000000117f20        0x0 drivers/disksched.x86_64.o
 .bss           0x0000000000117f20        0x0 drivers/timer.x86_64.o
 .bss           0x0000000000117f20        0x0 drivers/modules.x86_64.o
 .bss           0x0000000000117f20        0x0 proc/elf.x86_64.o
 .bss           0x0000000000117f20        0x0 proc/syscall.x86_64.o
 .bss           0x0000000000117f20        0x4 proc/process.x86_64.o
                0x0000000000117f20                pid_counter
 .bss           0x0000000000117f24        0x0 proc/fdt.x86_64.o
 *fill*         0x0000000000117f24       0x1c 
 .bss           0x0000000000117f40     0x2100 fs/vfs.x86_64.o
 .bss           0x000000000011a040        0x0 fs/tfs.x86_64.o
 .bss           0x000000000011a040        0x0 fs/filesystems.x86_64.o
 .bss           0x000000000011a040        0x0 lib/gcc/divdi3.x86_64.o
 .bss           0x000000000011a040        0x0 lib/gcc/qdivrem.x86_64.o
 .bss           0x000000000011a040        0x0 lib/gcc/udivdi3.x86_64.o
 .bss           0x000000000011a040        0x0 lib/gcc/umoddi3.x86_64.o
                0x000000000011b000                . = ALIGN (0x1000)
 *fill*         0x000000000011a040      0xfc0 
 COMMON         0x000000000011b000      0x1c0 kernel/x86_64/tss.x86_64.o
                0x000000000011b000                tss_descriptors
 COMMON         0x000000000011b1c0       0x38 vm/x86_64/mm_phys.x86_64.o
                0x000000000011b1c0                used_blocks
                0x000000000011b1c8                _mem_bitmap
                0x000000000011b1d0                total_blocks
                0x000000000011b1d8                highest_page
                0x000000000011b1e0                memory_size
                0x000000000011b1e8                bitmap_size
                0x000000000011b1f0                physmem_lock
 *fill*         0x000000000011b1f8      0xe08 
 COMMON         0x000000000011c000   0x401080 vm/x86_64/mm_virt.x86_64.o
                0x000000000011c000                kmalloc_addr
                0x000000000011d000                pt_pool
                0x000000000051d000                pt_bitmap
 COMMON         0x000000000051d080       0x18 drivers/x86_64/polltty.x86_64.o
                0x000000000051d080                polltty_gcd
                0x000000000051d088                tty_dev
                0x000000000051d090                polltty_iobase
 COMMON         0x000000000051d098        0x4 drivers/x86_64/keyboard.x86_64.o
                0x000000000051d098                kb_code
 *fill*         0x000000000051d09c        0x4 
 COMMON         0x000000000051d0a0      0x220 drivers/x86_64/disk.x86_64.o
                0x000000000051d0a0                ide_devices
                0x000000000051d140                ide_gbd
                0x000000000051d1e0                ide_channels
                0x000000000051d240                ide_dev
 COMMON         0x000000000051d2c0    0x20820 kernel/thread.x86_64.o
                0x000000000051d2c0                thread_table
                0x000000000051dac0                thread_table_klock
                0x000000000051dae0                thread_stack_areas
 COMMON         0x000000000053dae0       0x10 kernel/scheduler.x86_64.o
                0x000000000053dae0                scheduler_current_thread
 COMMON         0x000000000053daf0        0x8 kernel/stalloc.x86_64.o
                0x000000000053daf0                stalloced_total
 *fill*         0x000000000053daf8        0x8 
 COMMON         0x000000000053db00      0xa00 proc/process.x86_64.o
                0x000000000053db00                process_table
 COMMON         0x000000000053e500    0x40804 proc/fdt.x86_64.o
                0x000000000053e500                fdts
                0x000000000057ed00                fdt_lock
                0x000000000057ed04                KERNEL_ENDS_HERE = .

/DISCARD/
 *(.comment)
 *(.eh_frame)
 *(.note.gnu.build-id)
LOAD init/x86_64/_boot.x86_64.o
LOAD kernel/x86_64/_irq.x86_64.o
LOAD kernel/x86_64/spinlock.x86_64.o
LOAD lib/x86_64/_asm.x86_64.o
LOAD drivers/x86_64/_timer.x86_64.o
LOAD drivers/x86_64/_kb.x86_64.o
LOAD drivers/x86_64/_disk.x86_64.o
LOAD proc/x86_64/_sys.x86_64.o
LOAD init/x86_64/main.x86_64.o
LOAD kernel/x86_64/_spinlock.x86_64.o
LOAD kernel/x86_64/cswitch.x86_64.o
LOAD kernel/x86_64/interrupt.x86_64.o
LOAD kernel/x86_64/stubs.x86_64.o
LOAD kernel/x86_64/gdt.x86_64.o
LOAD kernel/x86_64/idt.x86_64.o
LOAD kernel/x86_64/exception.x86_64.o
LOAD kernel/x86_64/pic.x86_64.o
LOAD kernel/x86_64/tss.x86_64.o
LOAD vm/x86_64/mm_phys.x86_64.o
LOAD vm/x86_64/mm_virt.x86_64.o
LOAD lib/x86_64/asm.x86_64.o
LOAD lib/x86_64/srand.x86_64.o
LOAD drivers/x86_64/polltty.x86_64.o
LOAD drivers/x86_64/tty.x86_64.o
LOAD drivers/x86_64/device.x86_64.o
LOAD drivers/x86_64/pit.x86_64.o
LOAD drivers/x86_64/keyboard.x86_64.o
LOAD drivers/x86_64/disk.x86_64.o
LOAD drivers/x86_64/metadev.x86_64.o
LOAD drivers/x86_64/pci.x86_64.o
LOAD proc/x86_64/_syscall.x86_64.o
LOAD proc/x86_64/_proc.x86_64.o
LOAD init/common.x86_64.o
LOAD kernel/panic.x86_64.o
LOAD kernel/thread.x86_64.o
LOAD kernel/scheduler.x86_64.o
LOAD kernel/sleepq.x86_64.o
LOAD kernel/semaphore.x86_64.o
LOAD kernel/halt.x86_64.o
LOAD kernel/stalloc.x86_64.o
LOAD kernel/klock.x86_64.o
LOAD lib/libc.x86_64.o
LOAD lib/xprintf.x86_64.o
LOAD lib/bitmap.x86_64.o
LOAD lib/debug.x86_64.o
LOAD drivers/bootargs.x86_64.o
LOAD drivers/disksched.x86_64.o
LOAD drivers/timer.x86_64.o
LOAD drivers/modules.x86_64.o
LOAD proc/elf.x86_64.o
LOAD proc/syscall.x86_64.o
LOAD proc/process.x86_64.o
LOAD proc/fdt.x86_64.o
LOAD fs/vfs.x86_64.o
LOAD fs/tfs.x86_64.o
LOAD fs/filesystems.x86_64.o
LOAD lib/gcc/divdi3.x86_64.o
LOAD lib/gcc/qdivrem.x86_64.o
LOAD lib/gcc/udivdi3.x86_64.o
LOAD lib/gcc/umoddi3.x86_64.o
OUTPUT(kudos-x86_64 elf64-x86-64)

.debug_info     0x0000000000000000     0xad98
 .debug_info    0x0000000000000000      0x2d5 init/x86_64/main.x86_64.o
 .debug_info    0x00000000000002d5       0x9a kernel/x86_64/_spinlock.x86_64.o
 .debug_info    0x000000000000036f      0x424 kernel/x86_64/cswitch.x86_64.o
 .debug_info    0x0000000000000793      0x405 kernel/x86_64/interrupt.x86_64.o
 .debug_info    0x0000000000000b98       0xc0 kernel/x86_64/stubs.x86_64.o
 .debug_info    0x0000000000000c58      0x2c9 kernel/x86_64/gdt.x86_64.o
 .debug_info    0x0000000000000f21      0x22e kernel/x86_64/idt.x86_64.o
 .debug_info    0x000000000000114f       0xa9 kernel/x86_64/exception.x86_64.o
 .debug_info    0x00000000000011f8      0x243 kernel/x86_64/pic.x86_64.o
 .debug_info    0x000000000000143b      0x256 kernel/x86_64/tss.x86_64.o
 .debug_info    0x0000000000001691      0x768 vm/x86_64/mm_phys.x86_64.o
 .debug_info    0x0000000000001df9      0x77c vm/x86_64/mm_virt.x86_64.o
 .debug_info    0x0000000000002575      0x1da lib/x86_64/asm.x86_64.o
 .debug_info    0x000000000000274f       0x93 lib/x86_64/srand.x86_64.o
 .debug_info    0x00000000000027e2      0x296 drivers/x86_64/polltty.x86_64.o
 .debug_info    0x0000000000002a78      0x437 drivers/x86_64/tty.x86_64.o
 .debug_info    0x0000000000002eaf      0x1e1 drivers/x86_64/device.x86_64.o
 .debug_info    0x0000000000003090      0x247 drivers/x86_64/pit.x86_64.o
 .debug_info    0x00000000000032d7      0x300 drivers/x86_64/keyboard.x86_64.o
 .debug_info    0x00000000000035d7      0xbcf drivers/x86_64/disk.x86_64.o
 .debug_info    0x00000000000041a6       0xa3 drivers/x86_64/metadev.x86_64.o
 .debug_info    0x0000000000004249      0x5cf drivers/x86_64/pci.x86_64.o
 .debug_info    0x0000000000004818      0x25e proc/x86_64/_syscall.x86_64.o
 .debug_info    0x0000000000004a76      0x186 proc/x86_64/_proc.x86_64.o
 .debug_info    0x0000000000004bfc      0x266 init/common.x86_64.o
 .debug_info    0x0000000000004e62       0xde kernel/panic.x86_64.o
 .debug_info    0x0000000000004f40      0x542 kernel/thread.x86_64.o
 .debug_info    0x0000000000005482      0x40c kernel/scheduler.x86_64.o
 .debug_info    0x000000000000588e      0x435 kernel/sleepq.x86_64.o
 .debug_info    0x0000000000005cc3      0x25d kernel/semaphore.x86_64.o
 .debug_info    0x0000000000005f20       0x9b kernel/halt.x86_64.o
 .debug_info    0x0000000000005fbb      0x13c kernel/stalloc.x86_64.o
 .debug_info    0x00000000000060f7      0x148 kernel/klock.x86_64.o
 .debug_info    0x000000000000623f      0x519 lib/libc.x86_64.o
 .debug_info    0x0000000000006758      0x538 lib/xprintf.x86_64.o
 .debug_info    0x0000000000006c90      0x233 lib/bitmap.x86_64.o
 .debug_info    0x0000000000006ec3       0xf8 lib/debug.x86_64.o
 .debug_info    0x0000000000006fbb      0x21e drivers/bootargs.x86_64.o
 .debug_info    0x00000000000071d9      0x1d6 drivers/disksched.x86_64.o
 .debug_info    0x00000000000073af       0xb9 drivers/timer.x86_64.o
 .debug_info    0x0000000000007468      0x17c drivers/modules.x86_64.o
 .debug_info    0x00000000000075e4      0x47c proc/elf.x86_64.o
 .debug_info    0x0000000000007a60      0x12c proc/syscall.x86_64.o
 .debug_info    0x0000000000007b8c      0x9a8 proc/process.x86_64.o
 .debug_info    0x0000000000008534      0x337 proc/fdt.x86_64.o
 .debug_info    0x000000000000886b      0xcb1 fs/vfs.x86_64.o
 .debug_info    0x000000000000951c      0xb35 fs/tfs.x86_64.o
 .debug_info    0x000000000000a051      0x7d2 fs/filesystems.x86_64.o
 .debug_info    0x000000000000a823       0xd2 lib/gcc/divdi3.x86_64.o
 .debug_info    0x000000000000a8f5      0x373 lib/gcc/qdivrem.x86_64.o
 .debug_info    0x000000000000ac68       0x92 lib/gcc/udivdi3.x86_64.o
 .debug_info    0x000000000000acfa       0x9e lib/gcc/umoddi3.x86_64.o

.debug_abbrev   0x0000000000000000     0x343c
 .debug_abbrev  0x0000000000000000       0xd7 init/x86_64/main.x86_64.o
 .debug_abbrev  0x00000000000000d7       0x76 kernel/x86_64/_spinlock.x86_64.o
 .debug_abbrev  0x000000000000014d      0x14f kernel/x86_64/cswitch.x86_64.o
 .debug_abbrev  0x000000000000029c      0x116 kernel/x86_64/interrupt.x86_64.o
 .debug_abbrev  0x00000000000003b2       0x6b kernel/x86_64/stubs.x86_64.o
 .debug_abbrev  0x000000000000041d       0xdc kernel/x86_64/gdt.x86_64.o
 .debug_abbrev  0x00000000000004f9       0xea kernel/x86_64/idt.x86_64.o
 .debug_abbrev  0x00000000000005e3       0x62 kernel/x86_64/exception.x86_64.o
 .debug_abbrev  0x0000000000000645       0xd9 kernel/x86_64/pic.x86_64.o
 .debug_abbrev  0x000000000000071e      0x100 kernel/x86_64/tss.x86_64.o
 .debug_abbrev  0x000000000000081e      0x201 vm/x86_64/mm_phys.x86_64.o
 .debug_abbrev  0x0000000000000a1f      0x239 vm/x86_64/mm_virt.x86_64.o
 .debug_abbrev  0x0000000000000c58       0xac lib/x86_64/asm.x86_64.o
 .debug_abbrev  0x0000000000000d04       0x71 lib/x86_64/srand.x86_64.o
 .debug_abbrev  0x0000000000000d75      0x100 drivers/x86_64/polltty.x86_64.o
 .debug_abbrev  0x0000000000000e75       0xf8 drivers/x86_64/tty.x86_64.o
 .debug_abbrev  0x0000000000000f6d       0xf6 drivers/x86_64/device.x86_64.o
 .debug_abbrev  0x0000000000001063       0xe5 drivers/x86_64/pit.x86_64.o
 .debug_abbrev  0x0000000000001148      0x178 drivers/x86_64/keyboard.x86_64.o
 .debug_abbrev  0x00000000000012c0      0x1cb drivers/x86_64/disk.x86_64.o
 .debug_abbrev  0x000000000000148b       0x51 drivers/x86_64/metadev.x86_64.o
 .debug_abbrev  0x00000000000014dc      0x166 drivers/x86_64/pci.x86_64.o
 .debug_abbrev  0x0000000000001642       0xed proc/x86_64/_syscall.x86_64.o
 .debug_abbrev  0x000000000000172f       0xb7 proc/x86_64/_proc.x86_64.o
 .debug_abbrev  0x00000000000017e6      0x12c init/common.x86_64.o
 .debug_abbrev  0x0000000000001912       0x6b kernel/panic.x86_64.o
 .debug_abbrev  0x000000000000197d      0x1cd kernel/thread.x86_64.o
 .debug_abbrev  0x0000000000001b4a      0x16d kernel/scheduler.x86_64.o
 .debug_abbrev  0x0000000000001cb7      0x124 kernel/sleepq.x86_64.o
 .debug_abbrev  0x0000000000001ddb       0xfa kernel/semaphore.x86_64.o
 .debug_abbrev  0x0000000000001ed5       0x42 kernel/halt.x86_64.o
 .debug_abbrev  0x0000000000001f17       0xd9 kernel/stalloc.x86_64.o
 .debug_abbrev  0x0000000000001ff0       0xbb kernel/klock.x86_64.o
 .debug_abbrev  0x00000000000020ab      0x167 lib/libc.x86_64.o
 .debug_abbrev  0x0000000000002212      0x143 lib/xprintf.x86_64.o
 .debug_abbrev  0x0000000000002355       0xf1 lib/bitmap.x86_64.o
 .debug_abbrev  0x0000000000002446       0x91 lib/debug.x86_64.o
 .debug_abbrev  0x00000000000024d7      0x11c drivers/bootargs.x86_64.o
 .debug_abbrev  0x00000000000025f3       0xd8 drivers/disksched.x86_64.o
 .debug_abbrev  0x00000000000026cb       0x6d drivers/timer.x86_64.o
 .debug_abbrev  0x0000000000002738       0xdd drivers/modules.x86_64.o
 .debug_abbrev  0x0000000000002815       0xe0 proc/elf.x86_64.o
 .debug_abbrev  0x00000000000028f5       0xa1 proc/syscall.x86_64.o
 .debug_abbrev  0x0000000000002996      0x229 proc/process.x86_64.o
 .debug_abbrev  0x0000000000002bbf      0x136 proc/fdt.x86_64.o
 .debug_abbrev  0x0000000000002cf5      0x1f7 fs/vfs.x86_64.o
 .debug_abbrev  0x0000000000002eec      0x1b0 fs/tfs.x86_64.o
 .debug_abbrev  0x000000000000309c      0x148 fs/filesystems.x86_64.o
 .debug_abbrev  0x00000000000031e4       0x6f lib/gcc/divdi3.x86_64.o
 .debug_abbrev  0x0000000000003253      0x11a lib/gcc/qdivrem.x86_64.o
 .debug_abbrev  0x000000000000336d       0x60 lib/gcc/udivdi3.x86_64.o
 .debug_abbrev  0x00000000000033cd       0x6f lib/gcc/umoddi3.x86_64.o

.debug_aranges  0x0000000000000000      0x9c0
 .debug_aranges
                0x0000000000000000       0x30 init/x86_64/main.x86_64.o
 .debug_aranges
                0x0000000000000030       0x30 kernel/x86_64/_spinlock.x86_64.o
 .debug_aranges
                0x0000000000000060       0x30 kernel/x86_64/cswitch.x86_64.o
 .debug_aranges
                0x0000000000000090       0x30 kernel/x86_64/interrupt.x86_64.o
 .debug_aranges
                0x00000000000000c0       0x30 kernel/x86_64/stubs.x86_64.o
 .debug_aranges
                0x00000000000000f0       0x30 kernel/x86_64/gdt.x86_64.o
 .debug_aranges
                0x0000000000000120       0x30 kernel/x86_64/idt.x86_64.o
 .debug_aranges
                0x0000000000000150       0x30 kernel/x86_64/exception.x86_64.o
 .debug_aranges
                0x0000000000000180       0x30 kernel/x86_64/pic.x86_64.o
 .debug_aranges
                0x00000000000001b0       0x30 kernel/x86_64/tss.x86_64.o
 .debug_aranges
                0x00000000000001e0       0x30 vm/x86_64/mm_phys.x86_64.o
 .debug_aranges
                0x0000000000000210       0x30 vm/x86_64/mm_virt.x86_64.o
 .debug_aranges
                0x0000000000000240       0x30 lib/x86_64/asm.x86_64.o
 .debug_aranges
                0x0000000000000270       0x30 lib/x86_64/srand.x86_64.o
 .debug_aranges
                0x00000000000002a0       0x30 drivers/x86_64/polltty.x86_64.o
 .debug_aranges
                0x00000000000002d0       0x30 drivers/x86_64/tty.x86_64.o
 .debug_aranges
                0x0000000000000300       0x30 drivers/x86_64/device.x86_64.o
 .debug_aranges
                0x0000000000000330       0x30 drivers/x86_64/pit.x86_64.o
 .debug_aranges
                0x0000000000000360       0x30 drivers/x86_64/keyboard.x86_64.o
 .debug_aranges
                0x0000000000000390       0x30 drivers/x86_64/disk.x86_64.o
 .debug_aranges
                0x00000000000003c0       0x30 drivers/x86_64/metadev.x86_64.o
 .debug_aranges
                0x00000000000003f0       0x30 drivers/x86_64/pci.x86_64.o
 .debug_aranges
                0x0000000000000420       0x30 proc/x86_64/_syscall.x86_64.o
 .debug_aranges
                0x0000000000000450       0x30 proc/x86_64/_proc.x86_64.o
 .debug_aranges
                0x0000000000000480       0x30 init/common.x86_64.o
 .debug_aranges
                0x00000000000004b0       0x30 kernel/panic.x86_64.o
 .debug_aranges
                0x00000000000004e0       0x30 kernel/thread.x86_64.o
 .debug_aranges
                0x0000000000000510       0x30 kernel/scheduler.x86_64.o
 .debug_aranges
                0x0000000000000540       0x30 kernel/sleepq.x86_64.o
 .debug_aranges
                0x0000000000000570       0x30 kernel/semaphore.x86_64.o
 .debug_aranges
                0x00000000000005a0       0x30 kernel/halt.x86_64.o
 .debug_aranges
                0x00000000000005d0       0x30 kernel/stalloc.x86_64.o
 .debug_aranges
                0x0000000000000600       0x30 kernel/klock.x86_64.o
 .debug_aranges
                0x0000000000000630       0x30 lib/libc.x86_64.o
 .debug_aranges
                0x0000000000000660       0x30 lib/xprintf.x86_64.o
 .debug_aranges
                0x0000000000000690       0x30 lib/bitmap.x86_64.o
 .debug_aranges
                0x00000000000006c0       0x30 lib/debug.x86_64.o
 .debug_aranges
                0x00000000000006f0       0x30 drivers/bootargs.x86_64.o
 .debug_aranges
                0x0000000000000720       0x30 drivers/disksched.x86_64.o
 .debug_aranges
                0x0000000000000750       0x30 drivers/timer.x86_64.o
 .debug_aranges
                0x0000000000000780       0x30 drivers/modules.x86_64.o
 .debug_aranges
                0x00000000000007b0       0x30 proc/elf.x86_64.o
 .debug_aranges
                0x00000000000007e0       0x30 proc/syscall.x86_64.o
 .debug_aranges
                0x0000000000000810       0x30 proc/process.x86_64.o
 .debug_aranges
                0x0000000000000840       0x30 proc/fdt.x86_64.o
 .debug_aranges
                0x0000000000000870       0x30 fs/vfs.x86_64.o
 .debug_aranges
                0x00000000000008a0       0x30 fs/tfs.x86_64.o
 .debug_aranges
                0x00000000000008d0       0x30 fs/filesystems.x86_64.o
 .debug_aranges
                0x0000000000000900       0x30 lib/gcc/divdi3.x86_64.o
 .debug_aranges
                0x0000000000000930       0x30 lib/gcc/qdivrem.x86_64.o
 .debug_aranges
                0x0000000000000960       0x30 lib/gcc/udivdi3.x86_64.o
 .debug_aranges
                0x0000000000000990       0x30 lib/gcc/umoddi3.x86_64.o

.debug_line     0x0000000000000000     0x3dce
 .debug_line    0x0000000000000000       0xde init/x86_64/main.x86_64.o
 .debug_line    0x00000000000000de       0x67 kernel/x86_64/_spinlock.x86_64.o
 .debug_line    0x0000000000000145      0x163 kernel/x86_64/cswitch.x86_64.o
 .debug_line    0x00000000000002a8      0x12a kernel/x86_64/interrupt.x86_64.o
 .debug_line    0x00000000000003d2       0x53 kernel/x86_64/stubs.x86_64.o
 .debug_line    0x0000000000000425       0xc9 kernel/x86_64/gdt.x86_64.o
 .debug_line    0x00000000000004ee       0xad kernel/x86_64/idt.x86_64.o
 .debug_line    0x000000000000059b       0xbb kernel/x86_64/exception.x86_64.o
 .debug_line    0x0000000000000656       0xf1 kernel/x86_64/pic.x86_64.o
 .debug_line    0x0000000000000747       0x9c kernel/x86_64/tss.x86_64.o
 .debug_line    0x00000000000007e3      0x20b vm/x86_64/mm_phys.x86_64.o
 .debug_line    0x00000000000009ee      0x1b6 vm/x86_64/mm_virt.x86_64.o
 .debug_line    0x0000000000000ba4       0x75 lib/x86_64/asm.x86_64.o
 .debug_line    0x0000000000000c19       0x4c lib/x86_64/srand.x86_64.o
 .debug_line    0x0000000000000c65       0xd3 drivers/x86_64/polltty.x86_64.o
 .debug_line    0x0000000000000d38      0x172 drivers/x86_64/tty.x86_64.o
 .debug_line    0x0000000000000eaa       0xc4 drivers/x86_64/device.x86_64.o
 .debug_line    0x0000000000000f6e       0xd3 drivers/x86_64/pit.x86_64.o
 .debug_line    0x0000000000001041      0x170 drivers/x86_64/keyboard.x86_64.o
 .debug_line    0x00000000000011b1      0x35d drivers/x86_64/disk.x86_64.o
 .debug_line    0x000000000000150e       0x66 drivers/x86_64/metadev.x86_64.o
 .debug_line    0x0000000000001574      0x165 drivers/x86_64/pci.x86_64.o
 .debug_line    0x00000000000016d9       0x8e proc/x86_64/_syscall.x86_64.o
 .debug_line    0x0000000000001767       0x9e proc/x86_64/_proc.x86_64.o
 .debug_line    0x0000000000001805       0xe7 init/common.x86_64.o
 .debug_line    0x00000000000018ec       0x4b kernel/panic.x86_64.o
 .debug_line    0x0000000000001937      0x1e5 kernel/thread.x86_64.o
 .debug_line    0x0000000000001b1c      0x173 kernel/scheduler.x86_64.o
 .debug_line    0x0000000000001c8f      0x193 kernel/sleepq.x86_64.o
 .debug_line    0x0000000000001e22      0x120 kernel/semaphore.x86_64.o
 .debug_line    0x0000000000001f42       0x49 kernel/halt.x86_64.o
 .debug_line    0x0000000000001f8b       0x8e kernel/stalloc.x86_64.o
 .debug_line    0x0000000000002019       0xa2 kernel/klock.x86_64.o
 .debug_line    0x00000000000020bb      0x1ab lib/libc.x86_64.o
 .debug_line    0x0000000000002266      0x322 lib/xprintf.x86_64.o
 .debug_line    0x0000000000002588      0x100 lib/bitmap.x86_64.o
 .debug_line    0x0000000000002688       0x7d lib/debug.x86_64.o
 .debug_line    0x0000000000002705       0xeb drivers/bootargs.x86_64.o
 .debug_line    0x00000000000027f0       0xac drivers/disksched.x86_64.o
 .debug_line    0x000000000000289c       0x7a drivers/timer.x86_64.o
 .debug_line    0x0000000000002916       0x80 drivers/modules.x86_64.o
 .debug_line    0x0000000000002996      0x143 proc/elf.x86_64.o
 .debug_line    0x0000000000002ad9       0x76 proc/syscall.x86_64.o
 .debug_line    0x0000000000002b4f      0x324 proc/process.x86_64.o
 .debug_line    0x0000000000002e73      0x168 proc/fdt.x86_64.o
 .debug_line    0x0000000000002fdb      0x4a7 fs/vfs.x86_64.o
 .debug_line    0x0000000000003482      0x4be fs/tfs.x86_64.o
 .debug_line    0x0000000000003940      0x1ce fs/filesystems.x86_64.o
 .debug_line    0x0000000000003b0e       0x66 lib/gcc/divdi3.x86_64.o
 .debug_line    0x0000000000003b74      0x1a1 lib/gcc/qdivrem.x86_64.o
 .debug_line    0x0000000000003d15       0x5c lib/gcc/udivdi3.x86_64.o
 .debug_line    0x0000000000003d71       0x5d lib/gcc/umoddi3.x86_64.o

.debug_str      0x0000000000000000     0x2693
 .debug_str     0x0000000000000000      0x2b6 init/x86_64/main.x86_64.o
                                        0x318 (size before relaxing)
 .debug_str     0x00000000000002b6       0x45 kernel/x86_64/_spinlock.x86_64.o
                                        0x10b (size before relaxing)
 .debug_str     0x00000000000002fb      0x1a8 kernel/x86_64/cswitch.x86_64.o
                                        0x34c (size before relaxing)
 .debug_str     0x00000000000004a3      0x160 kernel/x86_64/interrupt.x86_64.o
                                        0x2f9 (size before relaxing)
 .debug_str     0x0000000000000603       0x31 kernel/x86_64/stubs.x86_64.o
                                        0x17e (size before relaxing)
 .debug_str     0x0000000000000634      0x12e kernel/x86_64/gdt.x86_64.o
                                        0x2a0 (size before relaxing)
 .debug_str     0x0000000000000762       0xae kernel/x86_64/idt.x86_64.o
                                        0x24e (size before relaxing)
 .debug_str     0x0000000000000810       0x29 kernel/x86_64/exception.x86_64.o
                                        0x170 (size before relaxing)
 .debug_str     0x0000000000000839       0x8c kernel/x86_64/pic.x86_64.o
                                        0x1ea (size before relaxing)
 .debug_str     0x00000000000008c5       0xba kernel/x86_64/tss.x86_64.o
                                        0x23c (size before relaxing)
 .debug_str     0x000000000000097f      0x1f9 vm/x86_64/mm_phys.x86_64.o
                                        0x50f (size before relaxing)
 .debug_str     0x0000000000000b78      0x1f2 vm/x86_64/mm_virt.x86_64.o
                                        0x435 (size before relaxing)
 .debug_str     0x0000000000000d6a       0x3b lib/x86_64/asm.x86_64.o
                                        0x192 (size before relaxing)
 .debug_str     0x0000000000000da5       0x2c lib/x86_64/srand.x86_64.o
                                         0xf6 (size before relaxing)
 .debug_str     0x0000000000000dd1       0x9c drivers/x86_64/polltty.x86_64.o
                                        0x24e (size before relaxing)
 .debug_str     0x0000000000000e6d       0x55 drivers/x86_64/tty.x86_64.o
                                        0x2a3 (size before relaxing)
 .debug_str     0x0000000000000ec2       0x67 drivers/x86_64/device.x86_64.o
                                        0x220 (size before relaxing)
 .debug_str     0x0000000000000f29       0x8f drivers/x86_64/pit.x86_64.o
                                        0x249 (size before relaxing)
 .debug_str     0x0000000000000fb8      0x13d drivers/x86_64/keyboard.x86_64.o
                                        0x2ad (size before relaxing)
 .debug_str     0x00000000000010f5      0x44c drivers/x86_64/disk.x86_64.o
                                        0x6e5 (size before relaxing)
 .debug_str     0x0000000000001541       0x26 drivers/x86_64/metadev.x86_64.o
                                        0x17c (size before relaxing)
 .debug_str     0x0000000000001567       0xe5 drivers/x86_64/pci.x86_64.o
                                        0x40c (size before relaxing)
 .debug_str     0x000000000000164c       0x3d proc/x86_64/_syscall.x86_64.o
                                        0x228 (size before relaxing)
 .debug_str     0x0000000000001689       0x4f proc/x86_64/_proc.x86_64.o
                                        0x20f (size before relaxing)
 .debug_str     0x00000000000016d8       0x62 init/common.x86_64.o
                                        0x22f (size before relaxing)
 .debug_str     0x000000000000173a       0x29 kernel/panic.x86_64.o
                                        0x185 (size before relaxing)
 .debug_str     0x0000000000001763      0x13d kernel/thread.x86_64.o
                                        0x416 (size before relaxing)
 .debug_str     0x00000000000018a0       0xa7 kernel/scheduler.x86_64.o
                                        0x3d4 (size before relaxing)
 .debug_str     0x0000000000001947       0x85 kernel/sleepq.x86_64.o
                                        0x366 (size before relaxing)
 .debug_str     0x00000000000019cc       0x8a kernel/semaphore.x86_64.o
                                        0x23a (size before relaxing)
 .debug_str     0x0000000000001a56       0x1a kernel/halt.x86_64.o
                                        0x16c (size before relaxing)
 .debug_str     0x0000000000001a70       0x46 kernel/stalloc.x86_64.o
                                        0x1ce (size before relaxing)
 .debug_str     0x0000000000001ab6       0x30 kernel/klock.x86_64.o
                                        0x1a6 (size before relaxing)
 .debug_str     0x0000000000001ae6       0xc8 lib/libc.x86_64.o
                                        0x266 (size before relaxing)
 .debug_str     0x0000000000001bae       0xd5 lib/xprintf.x86_64.o
                                        0x2a9 (size before relaxing)
 .debug_str     0x0000000000001c83       0x67 lib/bitmap.x86_64.o
                                        0x1cf (size before relaxing)
 .debug_str     0x0000000000001cea       0x28 lib/debug.x86_64.o
                                        0x196 (size before relaxing)
 .debug_str     0x0000000000001d12       0x90 drivers/bootargs.x86_64.o
                                        0x1fe (size before relaxing)
 .debug_str     0x0000000000001da2       0x2d drivers/disksched.x86_64.o
                                        0x244 (size before relaxing)
 .debug_str     0x0000000000001dcf       0x20 drivers/timer.x86_64.o
                                        0x180 (size before relaxing)
 .debug_str     0x0000000000001def       0x1f drivers/modules.x86_64.o
                                        0x210 (size before relaxing)
 .debug_str     0x0000000000001e0e      0x1ae proc/elf.x86_64.o
                                        0x338 (size before relaxing)
 .debug_str     0x0000000000001fbc       0x57 proc/syscall.x86_64.o
                                        0x1ca (size before relaxing)
 .debug_str     0x0000000000002013      0x121 proc/process.x86_64.o
                                        0x54d (size before relaxing)
 .debug_str     0x0000000000002134       0x89 proc/fdt.x86_64.o
                                        0x241 (size before relaxing)
 .debug_str     0x00000000000021bd      0x1f6 fs/vfs.x86_64.o
                                        0x51e (size before relaxing)
 .debug_str     0x00000000000023b3       0xf4 fs/tfs.x86_64.o
                                        0x49e (size before relaxing)
 .debug_str     0x00000000000024a7      0x138 fs/filesystems.x86_64.o
                                        0x4ad (size before relaxing)
 .debug_str     0x00000000000025df       0x23 lib/gcc/divdi3.x86_64.o
                                        0x125 (size before relaxing)
 .debug_str     0x0000000000002602       0x59 lib/gcc/qdivrem.x86_64.o
                                        0x177 (size before relaxing)
 .debug_str     0x000000000000265b       0x1c lib/gcc/udivdi3.x86_64.o
                                        0x120 (size before relaxing)
 .debug_str     0x0000000000002677       0x1c lib/gcc/umoddi3.x86_64.o
                                        0x120 (size before relaxing)

.note.GNU-stack
                0x0000000000000000        0x0
 .note.GNU-stack
                0x0000000000000000        0x0 init/x86_64/main.x86_64.o
 .note.GNU-stack
                0x0000000000000000        0x0 kernel/x86_64/_spinlock.x86_64.o
 .note.GNU-stack
                0x0000000000000000        0x0 kernel/x86_64/cswitch.x86_64.o
 .note.GNU-stack
                0x0000000000000000        0x0 kernel/x86_64/interrupt.x86_64.o
 .note.GNU-stack
                0x0000000000000000        0x0 kernel/x86_64/stubs.x86_64.o
 .note.GNU-stack
                0x0000000000000000        0x0 kernel/x86_64/gdt.x86_64.o
 .note.GNU-stack
                0x0000000000000000        0x0 kernel/x86_64/idt.x86_64.o
 .note.GNU-stack
                0x0000000000000000        0x0 kernel/x86_64/exception.x86_64.o
 .note.GNU-stack
                0x0000000000000000        0x0 kernel/x86_64/pic.x86_64.o
 .note.GNU-stack
                0x0000000000000000        0x0 kernel/x86_64/tss.x86_64.o
 .note.GNU-stack
                0x0000000000000000        0x0 vm/x86_64/mm_phys.x86_64.o
 .note.GNU-stack
                0x0000000000000000        0x0 vm/x86_64/mm_virt.x86_64.o
 .note.GNU-stack
                0x0000000000000000        0x0 lib/x86_64/asm.x86_64.o
 .note.GNU-stack
                0x0000000000000000        0x0 lib/x86_64/srand.x86_64.o
 .note.GNU-stack
                0x0000000000000000        0x0 drivers/x86_64/polltty.x86_64.o
 .note.GNU-stack
                0x0000000000000000        0x0 drivers/x86_64/tty.x86_64.o
 .note.GNU-stack
                0x0000000000000000        0x0 drivers/x86_64/device.x86_64.o
 .note.GNU-stack
                0x0000000000000000        0x0 drivers/x86_64/pit.x86_64.o
 .note.GNU-stack
                0x0000000000000000        0x0 drivers/x86_64/keyboard.x86_64.o
 .note.GNU-stack
                0x0000000000000000        0x0 drivers/x86_64/disk.x86_64.o
 .note.GNU-stack
                0x0000000000000000        0x0 drivers/x86_64/metadev.x86_64.o
 .note.GNU-stack
                0x0000000000000000        0x0 drivers/x86_64/pci.x86_64.o
 .note.GNU-stack
                0x0000000000000000        0x0 proc/x86_64/_syscall.x86_64.o
 .note.GNU-stack
                0x0000000000000000        0x0 proc/x86_64/_proc.x86_64.o
 .note.GNU-stack
                0x0000000000000000        0x0 init/common.x86_64.o
 .note.GNU-stack
                0x0000000000000000        0x0 kernel/panic.x86_64.o
 .note.GNU-stack
                0x0000000000000000        0x0 kernel/thread.x86_64.o
 .note.GNU-stack
                0x0000000000000000        0x0 kernel/scheduler.x86_64.o
 .note.GNU-stack
                0x0000000000000000        0x0 kernel/sleepq.x86_64.o
 .note.GNU-stack
                0x0000000000000000        0x0 kernel/semaphore.x86_64.o
 .note.GNU-stack
                0x0000000000000000        0x0 kernel/halt.x86_64.o
 .note.GNU-stack
                0x0000000000000000        0x0 kernel/stalloc.x86_64.o
 .note.GNU-stack
                0x0000000000000000        0x0 kernel/klock.x86_64.o
 .note.GNU-stack
                0x0000000000000000        0x0 lib/libc.x86_64.o
 .note.GNU-stack
                0x0000000000000000        0x0 lib/xprintf.x86_64.o
 .note.GNU-stack
                0x0000000000000000        0x0 lib/bitmap.x86_64.o
 .note.GNU-stack
                0x0000000000000000        0x0 lib/debug.x86_64.o
 .note.GNU-stack
                0x0000000000000000        0x0 drivers/bootargs.x86_64.o
 .note.GNU-stack
                0x0000000000000000        0x0 drivers/disksched.x86_64.o
 .note.GNU-stack
                0x0000000000000000        0x0 drivers/timer.x86_64.o
 .note.GNU-stack
                0x0000000000000000        0x0 drivers/modules.x86_64.o
 .note.GNU-stack
                0x0000000000000000        0x0 proc/elf.x86_64.o
 .note.GNU-stack
                0x0000000000000000        0x0 proc/syscall.x86_64.o
 .note.GNU-stack
                0x0000000000000000        0x0 proc/process.x86_64.o
 .note.GNU-stack
                0x0000000000000000        0x0 proc/fdt.x86_64.o
 .note.GNU-stack
                0x0000000000000000        0x0 fs/vfs.x86_64.o
 .note.GNU-stack
                0x0000000000000000        0x0 fs/tfs.x86_64.o
 .note.GNU-stack
                0x0000000000000000        0x0 fs/filesystems.x86_64.o
 .note.GNU-stack
                0x0000000000000000        0x0 lib/gcc/divdi3.x86_64.o
 .note.GNU-stack
                0x0000000000000000        0x0 lib/gcc/qdivrem.x86_64.o
 .note.GNU-stack
                0x0000000000000000        0x0 lib/gcc/udivdi3.x86_64.o
 .note.GNU-stack
                0x0000000000000000        0x0 lib/gcc/umoddi3.x86_64.o

.debug_ranges   0x0000000000000000       0xf0
 .debug_ranges  0x0000000000000000       0x60 drivers/x86_64/tty.x86_64.o
 .debug_ranges  0x0000000000000060       0x30 proc/process.x86_64.o
 .debug_ranges  0x0000000000000090       0x60 fs/filesystems.x86_64.o
