
Allocating common symbols
Common symbol       size              file

ide_devices         0xa0              drivers/x86_64/disk.x86_64.o
kmalloc_addr        0x8               vm/x86_64/mm_virt.x86_64.o
used_blocks         0x8               vm/x86_64/mm_phys.x86_64.o
polltty_gcd         0x8               drivers/x86_64/polltty.x86_64.o
_mem_bitmap         0x8               vm/x86_64/mm_phys.x86_64.o
total_blocks        0x8               vm/x86_64/mm_phys.x86_64.o
pt_pool             0x400000          vm/x86_64/mm_virt.x86_64.o
fdts                0x40800           proc/fdt.x86_64.o
highest_page        0x8               vm/x86_64/mm_phys.x86_64.o
tss_descriptors     0x1c0             kernel/x86_64/tss.x86_64.o
tty_dev             0x8               drivers/x86_64/polltty.x86_64.o
thread_table        0x800             kernel/thread.x86_64.o
stalloced_total     0x8               kernel/stalloc.x86_64.o
memory_size         0x8               vm/x86_64/mm_phys.x86_64.o
fdt_lock            0x4               proc/fdt.x86_64.o
ide_gbd             0xa0              drivers/x86_64/disk.x86_64.o
pt_bitmap           0x80              vm/x86_64/mm_virt.x86_64.o
bitmap_size         0x8               vm/x86_64/mm_phys.x86_64.o
physmem_lock        0x8               vm/x86_64/mm_phys.x86_64.o
scheduler_current_thread
                    0x10              kernel/scheduler.x86_64.o
kb_code             0x4               drivers/x86_64/keyboard.x86_64.o
ide_channels        0x48              drivers/x86_64/disk.x86_64.o
ide_dev             0x80              drivers/x86_64/disk.x86_64.o
thread_table_klock  0x4               kernel/thread.x86_64.o
process_table       0x800             proc/process.x86_64.o
thread_stack_areas  0x20000           kernel/thread.x86_64.o
polltty_iobase      0x8               drivers/x86_64/polltty.x86_64.o

Discarded input sections

 .comment       0x0000000000000000       0x35 init/x86_64/main.x86_64.o
 .eh_frame      0x0000000000000000       0x38 init/x86_64/main.x86_64.o
 .comment       0x0000000000000000       0x35 kernel/x86_64/_spinlock.x86_64.o
 .eh_frame      0x0000000000000000       0x58 kernel/x86_64/_spinlock.x86_64.o
 .comment       0x0000000000000000       0x35 kernel/x86_64/cswitch.x86_64.o
 .eh_frame      0x0000000000000000       0xd8 kernel/x86_64/cswitch.x86_64.o
 .comment       0x0000000000000000       0x35 kernel/x86_64/interrupt.x86_64.o
 .eh_frame      0x0000000000000000      0x118 kernel/x86_64/interrupt.x86_64.o
 .comment       0x0000000000000000       0x35 kernel/x86_64/stubs.x86_64.o
 .eh_frame      0x0000000000000000       0x58 kernel/x86_64/stubs.x86_64.o
 .comment       0x0000000000000000       0x35 kernel/x86_64/gdt.x86_64.o
 .eh_frame      0x0000000000000000       0x78 kernel/x86_64/gdt.x86_64.o
 .comment       0x0000000000000000       0x35 kernel/x86_64/idt.x86_64.o
 .eh_frame      0x0000000000000000       0x58 kernel/x86_64/idt.x86_64.o
 .comment       0x0000000000000000       0x35 kernel/x86_64/exception.x86_64.o
 .eh_frame      0x0000000000000000       0x38 kernel/x86_64/exception.x86_64.o
 .comment       0x0000000000000000       0x35 kernel/x86_64/pic.x86_64.o
 .eh_frame      0x0000000000000000       0xf8 kernel/x86_64/pic.x86_64.o
 .comment       0x0000000000000000       0x35 kernel/x86_64/tss.x86_64.o
 .eh_frame      0x0000000000000000       0xb8 kernel/x86_64/tss.x86_64.o
 .comment       0x0000000000000000       0x35 vm/x86_64/mm_phys.x86_64.o
 .eh_frame      0x0000000000000000      0x178 vm/x86_64/mm_phys.x86_64.o
 .comment       0x0000000000000000       0x35 vm/x86_64/mm_virt.x86_64.o
 .eh_frame      0x0000000000000000      0x2d8 vm/x86_64/mm_virt.x86_64.o
 .comment       0x0000000000000000       0x35 lib/x86_64/asm.x86_64.o
 .eh_frame      0x0000000000000000       0xb8 lib/x86_64/asm.x86_64.o
 .comment       0x0000000000000000       0x35 lib/x86_64/srand.x86_64.o
 .eh_frame      0x0000000000000000       0x58 lib/x86_64/srand.x86_64.o
 .comment       0x0000000000000000       0x35 drivers/x86_64/polltty.x86_64.o
 .eh_frame      0x0000000000000000       0x78 drivers/x86_64/polltty.x86_64.o
 .comment       0x0000000000000000       0x35 drivers/x86_64/tty.x86_64.o
 .eh_frame      0x0000000000000000       0x78 drivers/x86_64/tty.x86_64.o
 .comment       0x0000000000000000       0x35 drivers/x86_64/device.x86_64.o
 .eh_frame      0x0000000000000000       0x78 drivers/x86_64/device.x86_64.o
 .comment       0x0000000000000000       0x35 drivers/x86_64/pit.x86_64.o
 .eh_frame      0x0000000000000000       0xd8 drivers/x86_64/pit.x86_64.o
 .comment       0x0000000000000000       0x35 drivers/x86_64/keyboard.x86_64.o
 .eh_frame      0x0000000000000000      0x158 drivers/x86_64/keyboard.x86_64.o
 .comment       0x0000000000000000       0x35 drivers/x86_64/disk.x86_64.o
 .eh_frame      0x0000000000000000      0x158 drivers/x86_64/disk.x86_64.o
 .comment       0x0000000000000000       0x35 drivers/x86_64/metadev.x86_64.o
 .eh_frame      0x0000000000000000       0x38 drivers/x86_64/metadev.x86_64.o
 .comment       0x0000000000000000       0x35 drivers/x86_64/pci.x86_64.o
 .eh_frame      0x0000000000000000       0xa0 drivers/x86_64/pci.x86_64.o
 .comment       0x0000000000000000       0x35 proc/x86_64/_syscall.x86_64.o
 .eh_frame      0x0000000000000000       0x58 proc/x86_64/_syscall.x86_64.o
 .comment       0x0000000000000000       0x35 proc/x86_64/_proc.x86_64.o
 .eh_frame      0x0000000000000000       0x38 proc/x86_64/_proc.x86_64.o
 .comment       0x0000000000000000       0x35 init/common.x86_64.o
 .eh_frame      0x0000000000000000       0x58 init/common.x86_64.o
 .comment       0x0000000000000000       0x35 kernel/panic.x86_64.o
 .eh_frame      0x0000000000000000       0x38 kernel/panic.x86_64.o
 .comment       0x0000000000000000       0x35 kernel/thread.x86_64.o
 .eh_frame      0x0000000000000000      0x138 kernel/thread.x86_64.o
 .comment       0x0000000000000000       0x35 kernel/scheduler.x86_64.o
 .eh_frame      0x0000000000000000       0xb8 kernel/scheduler.x86_64.o
 .comment       0x0000000000000000       0x35 kernel/sleepq.x86_64.o
 .eh_frame      0x0000000000000000       0x98 kernel/sleepq.x86_64.o
 .comment       0x0000000000000000       0x35 kernel/semaphore.x86_64.o
 .eh_frame      0x0000000000000000       0xb8 kernel/semaphore.x86_64.o
 .comment       0x0000000000000000       0x35 kernel/halt.x86_64.o
 .eh_frame      0x0000000000000000       0x38 kernel/halt.x86_64.o
 .comment       0x0000000000000000       0x35 kernel/stalloc.x86_64.o
 .eh_frame      0x0000000000000000       0x78 kernel/stalloc.x86_64.o
 .comment       0x0000000000000000       0x35 kernel/klock.x86_64.o
 .eh_frame      0x0000000000000000       0x78 kernel/klock.x86_64.o
 .comment       0x0000000000000000       0x35 lib/libc.x86_64.o
 .eh_frame      0x0000000000000000      0x1f8 lib/libc.x86_64.o
 .comment       0x0000000000000000       0x35 lib/xprintf.x86_64.o
 .eh_frame      0x0000000000000000      0x118 lib/xprintf.x86_64.o
 .comment       0x0000000000000000       0x35 lib/bitmap.x86_64.o
 .eh_frame      0x0000000000000000       0xb8 lib/bitmap.x86_64.o
 .comment       0x0000000000000000       0x35 lib/debug.x86_64.o
 .eh_frame      0x0000000000000000       0x38 lib/debug.x86_64.o
 .comment       0x0000000000000000       0x35 drivers/bootargs.x86_64.o
 .eh_frame      0x0000000000000000       0x78 drivers/bootargs.x86_64.o
 .comment       0x0000000000000000       0x35 drivers/disksched.x86_64.o
 .eh_frame      0x0000000000000000       0x38 drivers/disksched.x86_64.o
 .comment       0x0000000000000000       0x35 drivers/timer.x86_64.o
 .eh_frame      0x0000000000000000       0x38 drivers/timer.x86_64.o
 .comment       0x0000000000000000       0x35 drivers/modules.x86_64.o
 .eh_frame      0x0000000000000000       0x38 drivers/modules.x86_64.o
 .comment       0x0000000000000000       0x35 proc/elf.x86_64.o
 .eh_frame      0x0000000000000000       0x38 proc/elf.x86_64.o
 .comment       0x0000000000000000       0x35 proc/syscall.x86_64.o
 .eh_frame      0x0000000000000000       0x38 proc/syscall.x86_64.o
 .comment       0x0000000000000000       0x35 proc/process.x86_64.o
 .eh_frame      0x0000000000000000      0x118 proc/process.x86_64.o
 .comment       0x0000000000000000       0x35 proc/fdt.x86_64.o
 .eh_frame      0x0000000000000000       0xb8 proc/fdt.x86_64.o
 .comment       0x0000000000000000       0x35 fs/vfs.x86_64.o
 .eh_frame      0x0000000000000000      0x2b8 fs/vfs.x86_64.o
 .comment       0x0000000000000000       0x35 fs/tfs.x86_64.o
 .eh_frame      0x0000000000000000      0x198 fs/tfs.x86_64.o
 .comment       0x0000000000000000       0x35 fs/filesystems.x86_64.o
 .eh_frame      0x0000000000000000       0x78 fs/filesystems.x86_64.o
 .comment       0x0000000000000000       0x35 lib/gcc/divdi3.x86_64.o
 .eh_frame      0x0000000000000000       0x38 lib/gcc/divdi3.x86_64.o
 .comment       0x0000000000000000       0x35 lib/gcc/qdivrem.x86_64.o
 .eh_frame      0x0000000000000000       0x58 lib/gcc/qdivrem.x86_64.o
 .comment       0x0000000000000000       0x35 lib/gcc/udivdi3.x86_64.o
 .eh_frame      0x0000000000000000       0x38 lib/gcc/udivdi3.x86_64.o
 .comment       0x0000000000000000       0x35 lib/gcc/umoddi3.x86_64.o
 .eh_frame      0x0000000000000000       0x38 lib/gcc/umoddi3.x86_64.o

Memory Configuration

Name             Origin             Length             Attributes
*default*        0x0000000000000000 0xffffffffffffffff

Linker script and memory map

                0x0000000000100000                phys = 0x100000

.text           0x0000000000100000    0x15000
                0x0000000000100000                code = .
 *(.boot*)
 .boot          0x0000000000100000       0x20 init/x86_64/_boot.x86_64.o
 *(.text*)
 .text          0x0000000000100020     0x41e0 init/x86_64/_boot.x86_64.o
                0x000000000010007a                _start
 .text          0x0000000000104200      0x233 kernel/x86_64/_irq.x86_64.o
                0x0000000000104200                isr_default_handler
                0x0000000000104202                _interrupt_yield
                0x0000000000104205                _idle_thread_wait_loop
                0x0000000000104208                _timer_set_ticks
                0x0000000000104209                __enable_irq
                0x000000000010420b                __disable_irq
                0x000000000010420d                __getflags
                0x0000000000104210                yield_irq_handler
                0x00000000001042d4                IsrCommon
                0x000000000010438d                isr_handler0
                0x0000000000104396                isr_handler1
                0x000000000010439f                isr_handler2
                0x00000000001043a8                isr_handler3
                0x00000000001043b1                isr_handler4
                0x00000000001043ba                isr_handler5
                0x00000000001043c3                isr_handler6
                0x00000000001043cc                isr_handler7
                0x00000000001043d5                isr_handler8
                0x00000000001043dc                isr_handler9
                0x00000000001043e5                isr_handler10
                0x00000000001043ec                isr_handler11
                0x00000000001043f3                isr_handler12
                0x00000000001043fa                isr_handler13
                0x0000000000104401                isr_handler14
                0x0000000000104408                isr_handler15
                0x0000000000104411                isr_handler16
                0x000000000010441a                isr_handler17
                0x0000000000104421                isr_handler18
                0x000000000010442a                isr_handler19
 .text          0x0000000000104433       0x16 kernel/x86_64/spinlock.x86_64.o
                0x0000000000104433                spinlock_acquire
 .text          0x0000000000104449       0x20 lib/x86_64/_asm.x86_64.o
                0x0000000000104449                _inb
                0x0000000000104456                _outb
                0x0000000000104468                __stack_chk_fail
 .text          0x0000000000104469       0xcf drivers/x86_64/_timer.x86_64.o
                0x0000000000104469                pit_irq_handler
 .text          0x0000000000104538       0xc1 drivers/x86_64/_kb.x86_64.o
                0x0000000000104538                _keyboard_wait
                0x000000000010453b                keyboard_irq_handler
 .text          0x00000000001045f9      0x172 drivers/x86_64/_disk.x86_64.o
                0x00000000001045f9                ide_irq_handler0
                0x00000000001046b2                ide_irq_handler1
 .text          0x000000000010476b       0xc0 proc/x86_64/_sys.x86_64.o
                0x000000000010476b                syscall_irq_handler
 .text          0x000000000010482b      0x443 init/x86_64/main.x86_64.o
                0x000000000010482b                init
 .text          0x0000000000104c6e       0x32 kernel/x86_64/_spinlock.x86_64.o
                0x0000000000104c6e                spinlock_reset
                0x0000000000104c87                spinlock_release
 .text          0x0000000000104ca0      0x5ff kernel/x86_64/cswitch.x86_64.o
                0x0000000000104ca0                _context_init
                0x0000000000104ed5                _context_enter_userland
                0x0000000000105101                _context_set_ip
                0x0000000000105120                _context_enable_ints
                0x0000000000105189                _context_set_sp
                0x00000000001051a7                task_switch
 .text          0x000000000010529f      0x4c3 kernel/x86_64/interrupt.x86_64.o
                0x000000000010529f                _interrupt_disable
                0x00000000001052c7                _interrupt_enable
                0x00000000001052ef                _interrupt_set_state
                0x000000000010531c                _interrupt_get_state
                0x000000000010534d                _interrupt_is_disabled
                0x0000000000105367                interrupt_init
                0x0000000000105417                interrupt_register
                0x0000000000105450                interrupt_handle
 .text          0x0000000000105762       0x4e kernel/x86_64/stubs.x86_64.o
                0x0000000000105762                _interrupt_getcpu
                0x000000000010576d                shutdown
 .text          0x00000000001057b0      0x3a1 kernel/x86_64/gdt.x86_64.o
                0x00000000001057b0                gdt_init
                0x00000000001058db                gdt_install_descriptor
                0x0000000000105a48                gdt_install_tss
 .text          0x0000000000105b51      0x19d kernel/x86_64/idt.x86_64.o
                0x0000000000105b51                idt_init
                0x0000000000105bcf                idt_install_gate
 .text          0x0000000000105cee      0x2eb kernel/x86_64/exception.x86_64.o
                0x0000000000105cee                exception_init
 .text          0x0000000000105fd9      0x302 kernel/x86_64/pic.x86_64.o
                0x0000000000105fd9                pic_sendcommand
                0x0000000000106024                pic_senddata
                0x000000000010606f                pic_getdata
                0x00000000001060b3                pic_init
                0x00000000001061c7                pic_maskinterrupt
                0x000000000010622f                pic_unmaskinterrupt
                0x0000000000106299                pic_eoi
 .text          0x00000000001062db      0x1f7 kernel/x86_64/tss.x86_64.o
                0x00000000001062db                tss_flush
                0x00000000001062f3                tss_init
                0x000000000010631a                tss_install
                0x0000000000106448                tss_setstack
                0x000000000010648d                tss_setuserstack
 .text          0x00000000001064d2      0xadd vm/x86_64/mm_phys.x86_64.o
                0x00000000001064d2                memmap_setbit
                0x000000000010654c                memmap_unsetbit
                0x00000000001065c8                memmap_testbit
                0x0000000000106623                physmem_freeregion
                0x00000000001066dd                physmem_getframe
                0x000000000010679e                physmem_getframes
                0x00000000001068fa                physmem_init
                0x0000000000106b76                physmem_allocblock
                0x0000000000106cc2                physmem_freeblock
                0x0000000000106d6e                physmem_allocblocks
                0x0000000000106edf                physmem_freeblocks
 .text          0x0000000000106faf      0x97b vm/x86_64/mm_virt.x86_64.o
                0x0000000000106faf                ptmap_setbit
                0x000000000010701b                ptmap_unsetbit
                0x0000000000107089                ptmap_testbit
                0x00000000001070de                vmm_cleartable
                0x0000000000107111                vmm_setattribute
                0x0000000000107139                vmm_setframe
                0x0000000000107166                vmm_get_kernel_pml4
                0x0000000000107179                vmm_new_pagetable
                0x0000000000107218                vmm_install_ptable
                0x000000000010724f                vmm_reloadcr3
                0x000000000010725c                vmm_setcr3
                0x0000000000107272                vmm_invalidatepage
                0x0000000000107288                vmm_getptable
                0x00000000001072d8                vmm_getpdir
                0x0000000000107328                vmm_getpdp
                0x0000000000107378                vm_init
                0x00000000001074bb                kmalloc
                0x00000000001075f3                vm_map
                0x000000000010781c                vm_unmap
                0x000000000010782f                vm_create_pagetable
                0x000000000010787a                vm_destroy_pagetable
                0x000000000010791f                _tlb_get_maxindex
 .text          0x000000000010792a       0xd8 lib/x86_64/asm.x86_64.o
                0x000000000010792a                _outl
                0x0000000000107946                _inw
                0x000000000010796c                _inl
                0x0000000000107990                _insw
                0x00000000001079c9                _outsw
 .text          0x0000000000107a02       0x61 lib/x86_64/srand.x86_64.o
                0x0000000000107a02                _set_rand_seed
                0x0000000000107a1f                _get_rand
 .text          0x0000000000107a63       0xbd drivers/x86_64/polltty.x86_64.o
                0x0000000000107a63                polltty_init
                0x0000000000107ac6                polltty_getchar
                0x0000000000107ae0                polltty_putchar
 .text          0x0000000000107b20      0x4f0 drivers/x86_64/tty.x86_64.o
                0x0000000000107b20                tty_init
                0x0000000000107ca7                tty_write
                0x0000000000107fa7                tty_read
 .text          0x0000000000108010      0x150 drivers/x86_64/device.x86_64.o
                0x0000000000108010                device_init
                0x000000000010808a                device_get
                0x00000000001080f9                device_register
 .text          0x0000000000108160      0x1d9 drivers/x86_64/pit.x86_64.o
                0x0000000000108160                pit_send_data
                0x00000000001081af                pit_send_command
                0x00000000001081d6                pit_start_counter
                0x0000000000108269                pit_init
                0x00000000001082ab                get_clock
                0x00000000001082bd                pit_sleepms
 .text          0x0000000000108339      0x4fe drivers/x86_64/keyboard.x86_64.o
                0x0000000000108339                keyboard_getstatus
                0x0000000000108350                keyboard_test
                0x000000000010838e                keyboard_sendencoder
                0x0000000000108417                keyboard_readdata
                0x0000000000108457                keyboard_updateLED
                0x00000000001084f5                keyboard_key_int
                0x00000000001086c9                keyboard_discardkey
                0x00000000001086e0                keyboard_init
                0x00000000001087e1                keyboard_getlastkey
                0x00000000001087f3                keyboard_getkey
 .text          0x0000000000108837     0x1733 drivers/x86_64/disk.x86_64.o
                0x0000000000108837                ide_write
                0x0000000000108a2e                ide_read
                0x0000000000108c1c                ide_delay
                0x0000000000108c88                disk_init
                0x00000000001097b9                ide_get_sectorsize
                0x0000000000109816                ide_get_sectorcount
                0x0000000000109866                ide_wait
                0x0000000000109950                ide_pio_readwrite
                0x0000000000109d66                ide_read_block
                0x0000000000109e68                ide_write_block
 .text          0x0000000000109f6a       0x12 drivers/x86_64/metadev.x86_64.o
                0x0000000000109f6a                rtc_get_msec
 .text          0x0000000000109f7c      0x456 drivers/x86_64/pci.x86_64.o
                0x0000000000109f7c                pci_read_dword
                0x0000000000109fed                get_pci_config
                0x000000000010a21e                pci_find_module
                0x000000000010a292                pci_init
 .text          0x000000000010a3d2       0xaf proc/x86_64/_syscall.x86_64.o
                0x000000000010a3d2                syscall_init
                0x000000000010a3fe                syscall_handle
 .text          0x000000000010a481       0x78 proc/x86_64/_proc.x86_64.o
                0x000000000010a481                process_set_pagetable
 .text          0x000000000010a4f9      0x351 init/common.x86_64.o
                0x000000000010a4f9                init_startup_fallback
                0x000000000010a729                init_startup_thread
 .text          0x000000000010a84a       0x71 kernel/panic.x86_64.o
                0x000000000010a84a                _kernel_panic
 .text          0x000000000010a8bb      0x75e kernel/thread.x86_64.o
                0x000000000010a8bb                thread_table_init
                0x000000000010aab9                thread_create
                0x000000000010adb8                thread_run
                0x000000000010add7                thread_switch
                0x000000000010ae0e                thread_get_current_thread
                0x000000000010ae5c                thread_get_thread_entry
                0x000000000010ae82                thread_get_current_thread_entry
                0x000000000010aede                thread_goto_userland
                0x000000000010af25                thread_finish
 .text          0x000000000010b019      0x40c kernel/scheduler.x86_64.o
                0x000000000010b019                scheduler_init
                0x000000000010b04e                scheduler_add_to_ready_list
                0x000000000010b260                scheduler_add_ready
                0x000000000010b2d4                scheduler_schedule
 .text          0x000000000010b425      0x6b0 kernel/sleepq.x86_64.o
                0x000000000010b425                sleepq_init
                0x000000000010b470                sleepq_add
                0x000000000010b615                sleepq_wake
                0x000000000010b852                sleepq_wake_all
 .text          0x000000000010bad5      0x365 kernel/semaphore.x86_64.o
                0x000000000010bad5                semaphore_init
                0x000000000010bb33                semaphore_create
                0x000000000010bcf7                semaphore_destroy
                0x000000000010bd11                semaphore_P
                0x000000000010bdb6                semaphore_V
 .text          0x000000000010be3a       0x5a kernel/halt.x86_64.o
                0x000000000010be3a                halt_kernel
 .text          0x000000000010be94      0x1f8 kernel/stalloc.x86_64.o
                0x000000000010be94                stalloc_disable
                0x000000000010bed4                stalloc_init
                0x000000000010bf56                stalloc
 .text          0x000000000010c08c       0x8b kernel/klock.x86_64.o
                0x000000000010c08c                klock_init
                0x000000000010c0ae                klock_lock
                0x000000000010c0e1                klock_open
 .text          0x000000000010c117      0x570 lib/libc.x86_64.o
                0x000000000010c117                kwrite
                0x000000000010c156                kread
                0x000000000010c1bc                stringcmp
                0x000000000010c239                stringcopy
                0x000000000010c2ba                memcopy
                0x000000000010c3c6                memoryset
                0x000000000010c40d                atoi
                0x000000000010c52b                strlen
                0x000000000010c55c                swap16
                0x000000000010c57f                swap32
                0x000000000010c5e2                from_big_endian16
                0x000000000010c604                from_big_endian32
                0x000000000010c622                to_big_endian16
                0x000000000010c644                to_big_endian32
                0x000000000010c662                wordpad
 .text          0x000000000010c687      0xca9 lib/xprintf.x86_64.o
                0x000000000010c687                kvprintf
                0x000000000010c715                kprintf
                0x000000000010c82b                vsnprintf
                0x000000000010c868                snprintf
 .text          0x000000000010d330      0x33b lib/bitmap.x86_64.o
                0x000000000010d330                bitmap_sizeof
                0x000000000010d351                bitmap_init
                0x000000000010d3cb                bitmap_get
                0x000000000010d44b                bitmap_set
                0x000000000010d55c                bitmap_findnset
 .text          0x000000000010d66b       0xc4 lib/debug.x86_64.o
                0x000000000010d66b                DEBUG
 .text          0x000000000010d72f      0x354 drivers/bootargs.x86_64.o
                0x000000000010d781                bootargs_init
                0x000000000010d9b3                bootargs_get
 .text          0x000000000010da83       0x59 drivers/disksched.x86_64.o
                0x000000000010da83                disksched_schedule
 .text          0x000000000010dadc       0x3f drivers/timer.x86_64.o
                0x000000000010dadc                timer_set_ticks
 .text          0x000000000010db1b       0xbf drivers/modules.x86_64.o
                0x000000000010db1b                modules_init
 .text          0x000000000010dbda      0x47e proc/elf.x86_64.o
                0x000000000010dbda                elf_parse_header
 .text          0x000000000010e058      0x131 proc/syscall.x86_64.o
                0x000000000010e058                syscall_entry
 .text          0x000000000010e189      0xa6a proc/process.x86_64.o
                0x000000000010e189                setup_new_process
                0x000000000010e66c                process_init
                0x000000000010e6a7                process_start
                0x000000000010e7a0                process_spawn
                0x000000000010e96f                process_get_current_process
                0x000000000010e9db                process_get_current_process_entry
                0x000000000010ea5c                syscall_read
                0x000000000010eb23                syscall_write
 .text          0x000000000010ebf3      0x368 proc/fdt.x86_64.o
                0x000000000010ebf3                fdt_init
                0x000000000010ecf8                fdt_alloc
                0x000000000010ed9a                fdt_open
                0x000000000010eeb1                fdt_read
                0x000000000010ef06                fdt_write
 .text          0x000000000010ef5b     0x1c58 fs/vfs.x86_64.o
                0x000000000010ef5b                vfs_init
                0x000000000010f0ee                vfs_deinit
                0x000000000010f377                vfs_mount_fs
                0x000000000010f4a6                vfs_mount_all
                0x000000000010f829                vfs_mount
                0x000000000010fa93                vfs_unmount
                0x000000000010fcd7                vfs_open
                0x0000000000110040                vfs_close
                0x000000000011012a                vfs_seek
                0x0000000000110200                vfs_read
                0x0000000000110322                vfs_write
                0x0000000000110444                vfs_create
                0x0000000000110582                vfs_remove
                0x00000000001106ad                vfs_getfree
                0x0000000000110794                vfs_filecount
                0x000000000011095d                vfs_file
 .text          0x0000000000110bb3     0x1c02 fs/tfs.x86_64.o
                0x0000000000110bb3                tfs_init
                0x0000000000110ee6                tfs_unmount
                0x0000000000110f32                tfs_open
                0x00000000001110bf                tfs_close
                0x00000000001110d5                tfs_create
                0x00000000001116f6                tfs_remove
                0x0000000000111b0f                tfs_read
                0x0000000000111eef                tfs_write
                0x00000000001123fe                tfs_getfree
                0x00000000001124fb                tfs_filecount
                0x000000000011261a                tfs_file
 .text          0x00000000001127b5      0x4cb fs/filesystems.x86_64.o
                0x00000000001127b5                get_partition
                0x00000000001128d4                read_extended_partition_table
                0x0000000000112a5d                filesystems_try_all
 .text          0x0000000000112c80       0x78 lib/gcc/divdi3.x86_64.o
                0x0000000000112c80                __divdi3
 .text          0x0000000000112cf8      0x7e1 lib/gcc/qdivrem.x86_64.o
                0x0000000000112cf8                __qdivrem
 .text          0x00000000001134d9       0x31 lib/gcc/udivdi3.x86_64.o
                0x00000000001134d9                __udivdi3
 .text          0x000000000011350a       0x34 lib/gcc/umoddi3.x86_64.o
                0x000000000011350a                __umoddi3
 *(.rodata*)
 *fill*         0x000000000011353e        0x2 
 .rodata        0x0000000000113540      0x3ab init/x86_64/main.x86_64.o
 *fill*         0x00000000001138eb        0x5 
 .rodata        0x00000000001138f0      0x2b0 kernel/x86_64/interrupt.x86_64.o
 .rodata        0x0000000000113ba0       0x61 kernel/x86_64/stubs.x86_64.o
 *fill*         0x0000000000113c01        0x7 
 .rodata        0x0000000000113c08       0x76 vm/x86_64/mm_phys.x86_64.o
 *fill*         0x0000000000113c7e        0x2 
 .rodata        0x0000000000113c80       0xa1 vm/x86_64/mm_virt.x86_64.o
 *fill*         0x0000000000113d21        0x7 
 .rodata        0x0000000000113d28       0x3e drivers/x86_64/tty.x86_64.o
 *fill*         0x0000000000113d66       0x1a 
 .rodata        0x0000000000113d80      0x208 drivers/x86_64/keyboard.x86_64.o
 .rodata        0x0000000000113f88       0x17 drivers/x86_64/disk.x86_64.o
 *fill*         0x0000000000113f9f        0x1 
 .rodata        0x0000000000113fa0      0x34b drivers/x86_64/pci.x86_64.o
 *fill*         0x00000000001142eb        0x5 
 .rodata        0x00000000001142f0      0x185 init/common.x86_64.o
 *fill*         0x0000000000114475        0x3 
 .rodata        0x0000000000114478       0x26 kernel/panic.x86_64.o
 *fill*         0x000000000011449e        0x2 
 .rodata        0x00000000001144a0       0x7a kernel/thread.x86_64.o
 .rodata        0x000000000011451a       0x24 kernel/scheduler.x86_64.o
 .rodata        0x000000000011453e       0x21 kernel/sleepq.x86_64.o
 .rodata        0x000000000011455f       0x24 kernel/semaphore.x86_64.o
 *fill*         0x0000000000114583        0x5 
 .rodata        0x0000000000114588       0x58 kernel/halt.x86_64.o
 .rodata        0x00000000001145e0       0xa8 kernel/stalloc.x86_64.o
 *fill*         0x0000000000114688       0x18 
 .rodata        0x00000000001146a0      0x200 lib/xprintf.x86_64.o
 .rodata        0x00000000001148a0       0x3a lib/bitmap.x86_64.o
 .rodata        0x00000000001148da        0x1 drivers/bootargs.x86_64.o
 *fill*         0x00000000001148db        0x5 
 .rodata        0x00000000001148e0       0x59 drivers/modules.x86_64.o
 .rodata        0x0000000000114939       0x42 proc/syscall.x86_64.o
 .rodata        0x000000000011497b       0x20 proc/process.x86_64.o
 *fill*         0x000000000011499b        0x5 
 .rodata        0x00000000001149a0      0x2f5 fs/vfs.x86_64.o
 *fill*         0x0000000000114c95        0x3 
 .rodata        0x0000000000114c98       0xd8 fs/tfs.x86_64.o
 .rodata        0x0000000000114d70       0xa8 fs/filesystems.x86_64.o
                0x0000000000115000                . = ALIGN (0x1000)
 *fill*         0x0000000000114e18      0x1e8 
                0x0000000000115000                __modules_start = .

.iplt           0x0000000000115000        0x0
 .iplt          0x0000000000115000        0x0 init/x86_64/_boot.x86_64.o

.rela.dyn       0x0000000000115000        0x0
 .rela.iplt     0x0000000000115000        0x0 init/x86_64/_boot.x86_64.o
 .rela.text     0x0000000000115000        0x0 init/x86_64/_boot.x86_64.o

modules_ptr     0x0000000000115000       0x40
 *(modules_ptr)
 modules_ptr    0x0000000000115000       0x20 drivers/x86_64/disk.x86_64.o
 modules_ptr    0x0000000000115020       0x20 drivers/x86_64/pci.x86_64.o
                0x0000000000115040                __modules_end = .

real_modules_ptr
                0x0000000000115040       0x18
 *(real_modules_ptr)
 real_modules_ptr
                0x0000000000115040       0x10 drivers/x86_64/disk.x86_64.o
 real_modules_ptr
                0x0000000000115050        0x8 drivers/x86_64/pci.x86_64.o

.data           0x0000000000115060      0xfa0
                0x0000000000115060                data = .
 *(.data*)
 .data          0x0000000000115060        0x0 init/x86_64/_boot.x86_64.o
 .data          0x0000000000115060        0x0 kernel/x86_64/_irq.x86_64.o
 .data          0x0000000000115060        0x0 kernel/x86_64/spinlock.x86_64.o
 .data          0x0000000000115060        0x0 lib/x86_64/_asm.x86_64.o
 .data          0x0000000000115060        0x0 drivers/x86_64/_timer.x86_64.o
 .data          0x0000000000115060        0x0 drivers/x86_64/_kb.x86_64.o
 .data          0x0000000000115060        0x0 drivers/x86_64/_disk.x86_64.o
 .data          0x0000000000115060        0x0 proc/x86_64/_sys.x86_64.o
 .data          0x0000000000115060        0x0 init/x86_64/main.x86_64.o
 .data          0x0000000000115060        0x0 kernel/x86_64/_spinlock.x86_64.o
 .data          0x0000000000115060        0x0 kernel/x86_64/cswitch.x86_64.o
 .data          0x0000000000115060        0x8 kernel/x86_64/interrupt.x86_64.o
                0x0000000000115060                init_stack
 .data          0x0000000000115068        0x0 kernel/x86_64/stubs.x86_64.o
 .data          0x0000000000115068        0x0 kernel/x86_64/gdt.x86_64.o
 .data          0x0000000000115068        0x0 kernel/x86_64/idt.x86_64.o
 .data          0x0000000000115068        0x0 kernel/x86_64/exception.x86_64.o
 .data          0x0000000000115068        0x0 kernel/x86_64/pic.x86_64.o
 .data          0x0000000000115068        0x0 kernel/x86_64/tss.x86_64.o
 .data          0x0000000000115068        0x0 vm/x86_64/mm_phys.x86_64.o
 .data          0x0000000000115068        0x0 vm/x86_64/mm_virt.x86_64.o
 .data          0x0000000000115068        0x0 lib/x86_64/asm.x86_64.o
 .data          0x0000000000115068        0x4 lib/x86_64/srand.x86_64.o
 .data          0x000000000011506c        0x0 drivers/x86_64/polltty.x86_64.o
 .data          0x000000000011506c        0x0 drivers/x86_64/tty.x86_64.o
 .data          0x000000000011506c        0x0 drivers/x86_64/device.x86_64.o
 .data          0x000000000011506c        0x0 drivers/x86_64/pit.x86_64.o
 .data          0x000000000011506c        0x0 drivers/x86_64/keyboard.x86_64.o
 .data          0x000000000011506c        0x0 drivers/x86_64/disk.x86_64.o
 .data          0x000000000011506c        0x0 drivers/x86_64/metadev.x86_64.o
 *fill*         0x000000000011506c       0x14 
 .data          0x0000000000115080      0x3e0 drivers/x86_64/pci.x86_64.o
 .data          0x0000000000115460        0x0 proc/x86_64/_syscall.x86_64.o
 .data          0x0000000000115460        0x0 proc/x86_64/_proc.x86_64.o
 .data          0x0000000000115460        0x0 init/common.x86_64.o
 .data          0x0000000000115460        0x0 kernel/panic.x86_64.o
 .data          0x0000000000115460        0x0 kernel/thread.x86_64.o
 .data          0x0000000000115460        0x8 kernel/scheduler.x86_64.o
 .data          0x0000000000115468        0x0 kernel/sleepq.x86_64.o
 .data          0x0000000000115468        0x0 kernel/semaphore.x86_64.o
 .data          0x0000000000115468        0x0 kernel/halt.x86_64.o
 .data          0x0000000000115468        0x0 kernel/stalloc.x86_64.o
 .data          0x0000000000115468        0x0 kernel/klock.x86_64.o
 .data          0x0000000000115468        0x0 lib/libc.x86_64.o
 .data          0x0000000000115468        0x0 lib/xprintf.x86_64.o
 .data          0x0000000000115468        0x0 lib/bitmap.x86_64.o
 .data          0x0000000000115468        0x0 lib/debug.x86_64.o
 .data          0x0000000000115468        0x0 drivers/bootargs.x86_64.o
 .data          0x0000000000115468        0x0 drivers/disksched.x86_64.o
 .data          0x0000000000115468        0x0 drivers/timer.x86_64.o
 .data          0x0000000000115468        0x0 drivers/modules.x86_64.o
 .data          0x0000000000115468        0x0 proc/elf.x86_64.o
 .data          0x0000000000115468        0x0 proc/syscall.x86_64.o
 .data          0x0000000000115468        0x0 proc/process.x86_64.o
 .data          0x0000000000115468        0x0 proc/fdt.x86_64.o
 .data          0x0000000000115468        0x0 fs/vfs.x86_64.o
 .data          0x0000000000115468        0x0 fs/tfs.x86_64.o
 *fill*         0x0000000000115468       0x18 
 .data          0x0000000000115480       0x20 fs/filesystems.x86_64.o
 .data          0x00000000001154a0        0x0 lib/gcc/divdi3.x86_64.o
 .data          0x00000000001154a0        0x4 lib/gcc/qdivrem.x86_64.o
 .data          0x00000000001154a4        0x0 lib/gcc/udivdi3.x86_64.o
 .data          0x00000000001154a4        0x0 lib/gcc/umoddi3.x86_64.o
                [!provide]                        PROVIDE (kernel_symbols_start, .)
                [!provide]                        PROVIDE (kernel_symbols_end, .)
                0x0000000000116000                . = ALIGN (0x1000)
 *fill*         0x00000000001154a4      0xb5c 

.igot.plt       0x0000000000116000        0x0
 .igot.plt      0x0000000000116000        0x0 init/x86_64/_boot.x86_64.o

.bss            0x0000000000116000   0x468b04
                0x0000000000116000                bss = .
 *(.bss*)
 .bss           0x0000000000116000        0x0 init/x86_64/_boot.x86_64.o
 .bss           0x0000000000116000        0x0 kernel/x86_64/_irq.x86_64.o
 .bss           0x0000000000116000        0x0 kernel/x86_64/spinlock.x86_64.o
 .bss           0x0000000000116000        0x0 lib/x86_64/_asm.x86_64.o
 .bss           0x0000000000116000        0x0 drivers/x86_64/_timer.x86_64.o
 .bss           0x0000000000116000        0x0 drivers/x86_64/_kb.x86_64.o
 .bss           0x0000000000116000        0x0 drivers/x86_64/_disk.x86_64.o
 .bss           0x0000000000116000        0x0 proc/x86_64/_sys.x86_64.o
 .bss           0x0000000000116000        0x0 init/x86_64/main.x86_64.o
 .bss           0x0000000000116000        0x0 kernel/x86_64/_spinlock.x86_64.o
 .bss           0x0000000000116000        0x0 kernel/x86_64/cswitch.x86_64.o
 .bss           0x0000000000116000        0x0 kernel/x86_64/interrupt.x86_64.o
 .bss           0x0000000000116000        0x0 kernel/x86_64/stubs.x86_64.o
 .bss           0x0000000000116000       0x90 kernel/x86_64/gdt.x86_64.o
 *fill*         0x0000000000116090       0x10 
 .bss           0x00000000001160a0      0xffa kernel/x86_64/idt.x86_64.o
 .bss           0x000000000011709a        0x0 kernel/x86_64/exception.x86_64.o
 .bss           0x000000000011709a        0x0 kernel/x86_64/pic.x86_64.o
 .bss           0x000000000011709a        0x0 kernel/x86_64/tss.x86_64.o
 .bss           0x000000000011709a        0x0 vm/x86_64/mm_phys.x86_64.o
 *fill*         0x000000000011709a        0x6 
 .bss           0x00000000001170a0        0xc vm/x86_64/mm_virt.x86_64.o
 .bss           0x00000000001170ac        0x0 lib/x86_64/asm.x86_64.o
 .bss           0x00000000001170ac        0x0 lib/x86_64/srand.x86_64.o
 .bss           0x00000000001170ac        0x0 drivers/x86_64/polltty.x86_64.o
 .bss           0x00000000001170ac        0x0 drivers/x86_64/tty.x86_64.o
 *fill*         0x00000000001170ac       0x14 
 .bss           0x00000000001170c0      0x404 drivers/x86_64/device.x86_64.o
 .bss           0x00000000001174c4        0x4 drivers/x86_64/pit.x86_64.o
                0x00000000001174c4                pit_counter
 .bss           0x00000000001174c8        0x6 drivers/x86_64/keyboard.x86_64.o
                0x00000000001174c8                kb_shift
                0x00000000001174c9                kb_alt
                0x00000000001174ca                kb_ctrl
                0x00000000001174cb                kb_numlock
                0x00000000001174cc                kb_capslock
                0x00000000001174cd                kb_scrolllock
 .bss           0x00000000001174ce        0x0 drivers/x86_64/disk.x86_64.o
 .bss           0x00000000001174ce        0x0 drivers/x86_64/metadev.x86_64.o
 .bss           0x00000000001174ce        0x0 drivers/x86_64/pci.x86_64.o
 .bss           0x00000000001174ce        0x0 proc/x86_64/_syscall.x86_64.o
 .bss           0x00000000001174ce        0x0 proc/x86_64/_proc.x86_64.o
 .bss           0x00000000001174ce        0x0 init/common.x86_64.o
 .bss           0x00000000001174ce        0x0 kernel/panic.x86_64.o
 *fill*         0x00000000001174ce        0x2 
 .bss           0x00000000001174d0        0x4 kernel/thread.x86_64.o
 .bss           0x00000000001174d4        0x0 kernel/scheduler.x86_64.o
 *fill*         0x00000000001174d4        0xc 
 .bss           0x00000000001174e0      0x21c kernel/sleepq.x86_64.o
 *fill*         0x00000000001176fc        0x4 
 .bss           0x0000000000117700      0x608 kernel/semaphore.x86_64.o
 .bss           0x0000000000117d08        0x0 kernel/halt.x86_64.o
 .bss           0x0000000000117d08        0x8 kernel/stalloc.x86_64.o
 .bss           0x0000000000117d10        0x0 kernel/klock.x86_64.o
 .bss           0x0000000000117d10        0x0 lib/libc.x86_64.o
 .bss           0x0000000000117d10        0x4 lib/xprintf.x86_64.o
                0x0000000000117d10                kprintf_slock
 .bss           0x0000000000117d14        0x0 lib/bitmap.x86_64.o
 .bss           0x0000000000117d14        0x0 lib/debug.x86_64.o
 *fill*         0x0000000000117d14        0xc 
 .bss           0x0000000000117d20      0x200 drivers/bootargs.x86_64.o
 .bss           0x0000000000117f20        0x0 drivers/disksched.x86_64.o
 .bss           0x0000000000117f20        0x0 drivers/timer.x86_64.o
 .bss           0x0000000000117f20        0x0 drivers/modules.x86_64.o
 .bss           0x0000000000117f20        0x0 proc/elf.x86_64.o
 .bss           0x0000000000117f20        0x0 proc/syscall.x86_64.o
 .bss           0x0000000000117f20        0x4 proc/process.x86_64.o
                0x0000000000117f20                pid_counter
 .bss           0x0000000000117f24        0x0 proc/fdt.x86_64.o
 *fill*         0x0000000000117f24       0x1c 
 .bss           0x0000000000117f40     0x2100 fs/vfs.x86_64.o
 .bss           0x000000000011a040        0x0 fs/tfs.x86_64.o
 .bss           0x000000000011a040        0x0 fs/filesystems.x86_64.o
 .bss           0x000000000011a040        0x0 lib/gcc/divdi3.x86_64.o
 .bss           0x000000000011a040        0x0 lib/gcc/qdivrem.x86_64.o
 .bss           0x000000000011a040        0x0 lib/gcc/udivdi3.x86_64.o
 .bss           0x000000000011a040        0x0 lib/gcc/umoddi3.x86_64.o
                0x000000000011b000                . = ALIGN (0x1000)
 *fill*         0x000000000011a040      0xfc0 
 COMMON         0x000000000011b000      0x1c0 kernel/x86_64/tss.x86_64.o
                0x000000000011b000                tss_descriptors
 COMMON         0x000000000011b1c0       0x38 vm/x86_64/mm_phys.x86_64.o
                0x000000000011b1c0                used_blocks
                0x000000000011b1c8                _mem_bitmap
                0x000000000011b1d0                total_blocks
                0x000000000011b1d8                highest_page
                0x000000000011b1e0                memory_size
                0x000000000011b1e8                bitmap_size
                0x000000000011b1f0                physmem_lock
 *fill*         0x000000000011b1f8      0xe08 
 COMMON         0x000000000011c000   0x401080 vm/x86_64/mm_virt.x86_64.o
                0x000000000011c000                kmalloc_addr
                0x000000000011d000                pt_pool
                0x000000000051d000                pt_bitmap
 COMMON         0x000000000051d080       0x18 drivers/x86_64/polltty.x86_64.o
                0x000000000051d080                polltty_gcd
                0x000000000051d088                tty_dev
                0x000000000051d090                polltty_iobase
 COMMON         0x000000000051d098        0x4 drivers/x86_64/keyboard.x86_64.o
                0x000000000051d098                kb_code
 *fill*         0x000000000051d09c        0x4 
 COMMON         0x000000000051d0a0      0x220 drivers/x86_64/disk.x86_64.o
                0x000000000051d0a0                ide_devices
                0x000000000051d140                ide_gbd
                0x000000000051d1e0                ide_channels
                0x000000000051d240                ide_dev
 COMMON         0x000000000051d2c0    0x20820 kernel/thread.x86_64.o
                0x000000000051d2c0                thread_table
                0x000000000051dac0                thread_table_klock
                0x000000000051dae0                thread_stack_areas
 COMMON         0x000000000053dae0       0x10 kernel/scheduler.x86_64.o
                0x000000000053dae0                scheduler_current_thread
 COMMON         0x000000000053daf0        0x8 kernel/stalloc.x86_64.o
                0x000000000053daf0                stalloced_total
 *fill*         0x000000000053daf8        0x8 
 COMMON         0x000000000053db00      0x800 proc/process.x86_64.o
                0x000000000053db00                process_table
 COMMON         0x000000000053e300    0x40804 proc/fdt.x86_64.o
                0x000000000053e300                fdts
                0x000000000057eb00                fdt_lock
                0x000000000057eb04                KERNEL_ENDS_HERE = .

/DISCARD/
 *(.comment)
 *(.eh_frame)
 *(.note.gnu.build-id)
LOAD init/x86_64/_boot.x86_64.o
LOAD kernel/x86_64/_irq.x86_64.o
LOAD kernel/x86_64/spinlock.x86_64.o
LOAD lib/x86_64/_asm.x86_64.o
LOAD drivers/x86_64/_timer.x86_64.o
LOAD drivers/x86_64/_kb.x86_64.o
LOAD drivers/x86_64/_disk.x86_64.o
LOAD proc/x86_64/_sys.x86_64.o
LOAD init/x86_64/main.x86_64.o
LOAD kernel/x86_64/_spinlock.x86_64.o
LOAD kernel/x86_64/cswitch.x86_64.o
LOAD kernel/x86_64/interrupt.x86_64.o
LOAD kernel/x86_64/stubs.x86_64.o
LOAD kernel/x86_64/gdt.x86_64.o
LOAD kernel/x86_64/idt.x86_64.o
LOAD kernel/x86_64/exception.x86_64.o
LOAD kernel/x86_64/pic.x86_64.o
LOAD kernel/x86_64/tss.x86_64.o
LOAD vm/x86_64/mm_phys.x86_64.o
LOAD vm/x86_64/mm_virt.x86_64.o
LOAD lib/x86_64/asm.x86_64.o
LOAD lib/x86_64/srand.x86_64.o
LOAD drivers/x86_64/polltty.x86_64.o
LOAD drivers/x86_64/tty.x86_64.o
LOAD drivers/x86_64/device.x86_64.o
LOAD drivers/x86_64/pit.x86_64.o
LOAD drivers/x86_64/keyboard.x86_64.o
LOAD drivers/x86_64/disk.x86_64.o
LOAD drivers/x86_64/metadev.x86_64.o
LOAD drivers/x86_64/pci.x86_64.o
LOAD proc/x86_64/_syscall.x86_64.o
LOAD proc/x86_64/_proc.x86_64.o
LOAD init/common.x86_64.o
LOAD kernel/panic.x86_64.o
LOAD kernel/thread.x86_64.o
LOAD kernel/scheduler.x86_64.o
LOAD kernel/sleepq.x86_64.o
LOAD kernel/semaphore.x86_64.o
LOAD kernel/halt.x86_64.o
LOAD kernel/stalloc.x86_64.o
LOAD kernel/klock.x86_64.o
LOAD lib/libc.x86_64.o
LOAD lib/xprintf.x86_64.o
LOAD lib/bitmap.x86_64.o
LOAD lib/debug.x86_64.o
LOAD drivers/bootargs.x86_64.o
LOAD drivers/disksched.x86_64.o
LOAD drivers/timer.x86_64.o
LOAD drivers/modules.x86_64.o
LOAD proc/elf.x86_64.o
LOAD proc/syscall.x86_64.o
LOAD proc/process.x86_64.o
LOAD proc/fdt.x86_64.o
LOAD fs/vfs.x86_64.o
LOAD fs/tfs.x86_64.o
LOAD fs/filesystems.x86_64.o
LOAD lib/gcc/divdi3.x86_64.o
LOAD lib/gcc/qdivrem.x86_64.o
LOAD lib/gcc/udivdi3.x86_64.o
LOAD lib/gcc/umoddi3.x86_64.o
OUTPUT(kudos-x86_64 elf64-x86-64)

.debug_info     0x0000000000000000     0xad2e
 .debug_info    0x0000000000000000      0x2d5 init/x86_64/main.x86_64.o
 .debug_info    0x00000000000002d5       0x9a kernel/x86_64/_spinlock.x86_64.o
 .debug_info    0x000000000000036f      0x424 kernel/x86_64/cswitch.x86_64.o
 .debug_info    0x0000000000000793      0x405 kernel/x86_64/interrupt.x86_64.o
 .debug_info    0x0000000000000b98       0xc0 kernel/x86_64/stubs.x86_64.o
 .debug_info    0x0000000000000c58      0x2c9 kernel/x86_64/gdt.x86_64.o
 .debug_info    0x0000000000000f21      0x22e kernel/x86_64/idt.x86_64.o
 .debug_info    0x000000000000114f       0xa9 kernel/x86_64/exception.x86_64.o
 .debug_info    0x00000000000011f8      0x243 kernel/x86_64/pic.x86_64.o
 .debug_info    0x000000000000143b      0x256 kernel/x86_64/tss.x86_64.o
 .debug_info    0x0000000000001691      0x768 vm/x86_64/mm_phys.x86_64.o
 .debug_info    0x0000000000001df9      0x77c vm/x86_64/mm_virt.x86_64.o
 .debug_info    0x0000000000002575      0x1da lib/x86_64/asm.x86_64.o
 .debug_info    0x000000000000274f       0x93 lib/x86_64/srand.x86_64.o
 .debug_info    0x00000000000027e2      0x296 drivers/x86_64/polltty.x86_64.o
 .debug_info    0x0000000000002a78      0x437 drivers/x86_64/tty.x86_64.o
 .debug_info    0x0000000000002eaf      0x1e1 drivers/x86_64/device.x86_64.o
 .debug_info    0x0000000000003090      0x247 drivers/x86_64/pit.x86_64.o
 .debug_info    0x00000000000032d7      0x300 drivers/x86_64/keyboard.x86_64.o
 .debug_info    0x00000000000035d7      0xbcf drivers/x86_64/disk.x86_64.o
 .debug_info    0x00000000000041a6       0xa3 drivers/x86_64/metadev.x86_64.o
 .debug_info    0x0000000000004249      0x5cf drivers/x86_64/pci.x86_64.o
 .debug_info    0x0000000000004818      0x25e proc/x86_64/_syscall.x86_64.o
 .debug_info    0x0000000000004a76      0x186 proc/x86_64/_proc.x86_64.o
 .debug_info    0x0000000000004bfc      0x255 init/common.x86_64.o
 .debug_info    0x0000000000004e51       0xde kernel/panic.x86_64.o
 .debug_info    0x0000000000004f2f      0x542 kernel/thread.x86_64.o
 .debug_info    0x0000000000005471      0x40c kernel/scheduler.x86_64.o
 .debug_info    0x000000000000587d      0x435 kernel/sleepq.x86_64.o
 .debug_info    0x0000000000005cb2      0x25d kernel/semaphore.x86_64.o
 .debug_info    0x0000000000005f0f       0x9b kernel/halt.x86_64.o
 .debug_info    0x0000000000005faa      0x13c kernel/stalloc.x86_64.o
 .debug_info    0x00000000000060e6      0x148 kernel/klock.x86_64.o
 .debug_info    0x000000000000622e      0x519 lib/libc.x86_64.o
 .debug_info    0x0000000000006747      0x538 lib/xprintf.x86_64.o
 .debug_info    0x0000000000006c7f      0x233 lib/bitmap.x86_64.o
 .debug_info    0x0000000000006eb2       0xf8 lib/debug.x86_64.o
 .debug_info    0x0000000000006faa      0x21e drivers/bootargs.x86_64.o
 .debug_info    0x00000000000071c8      0x1d6 drivers/disksched.x86_64.o
 .debug_info    0x000000000000739e       0xb9 drivers/timer.x86_64.o
 .debug_info    0x0000000000007457      0x17c drivers/modules.x86_64.o
 .debug_info    0x00000000000075d3      0x47c proc/elf.x86_64.o
 .debug_info    0x0000000000007a4f      0x12c proc/syscall.x86_64.o
 .debug_info    0x0000000000007b7b      0x94f proc/process.x86_64.o
 .debug_info    0x00000000000084ca      0x337 proc/fdt.x86_64.o
 .debug_info    0x0000000000008801      0xcb1 fs/vfs.x86_64.o
 .debug_info    0x00000000000094b2      0xb35 fs/tfs.x86_64.o
 .debug_info    0x0000000000009fe7      0x7d2 fs/filesystems.x86_64.o
 .debug_info    0x000000000000a7b9       0xd2 lib/gcc/divdi3.x86_64.o
 .debug_info    0x000000000000a88b      0x373 lib/gcc/qdivrem.x86_64.o
 .debug_info    0x000000000000abfe       0x92 lib/gcc/udivdi3.x86_64.o
 .debug_info    0x000000000000ac90       0x9e lib/gcc/umoddi3.x86_64.o

.debug_abbrev   0x0000000000000000     0x33cc
 .debug_abbrev  0x0000000000000000       0xd7 init/x86_64/main.x86_64.o
 .debug_abbrev  0x00000000000000d7       0x76 kernel/x86_64/_spinlock.x86_64.o
 .debug_abbrev  0x000000000000014d      0x14f kernel/x86_64/cswitch.x86_64.o
 .debug_abbrev  0x000000000000029c      0x116 kernel/x86_64/interrupt.x86_64.o
 .debug_abbrev  0x00000000000003b2       0x6b kernel/x86_64/stubs.x86_64.o
 .debug_abbrev  0x000000000000041d       0xdc kernel/x86_64/gdt.x86_64.o
 .debug_abbrev  0x00000000000004f9       0xea kernel/x86_64/idt.x86_64.o
 .debug_abbrev  0x00000000000005e3       0x62 kernel/x86_64/exception.x86_64.o
 .debug_abbrev  0x0000000000000645       0xd9 kernel/x86_64/pic.x86_64.o
 .debug_abbrev  0x000000000000071e      0x100 kernel/x86_64/tss.x86_64.o
 .debug_abbrev  0x000000000000081e      0x201 vm/x86_64/mm_phys.x86_64.o
 .debug_abbrev  0x0000000000000a1f      0x239 vm/x86_64/mm_virt.x86_64.o
 .debug_abbrev  0x0000000000000c58       0xac lib/x86_64/asm.x86_64.o
 .debug_abbrev  0x0000000000000d04       0x71 lib/x86_64/srand.x86_64.o
 .debug_abbrev  0x0000000000000d75      0x100 drivers/x86_64/polltty.x86_64.o
 .debug_abbrev  0x0000000000000e75       0xf8 drivers/x86_64/tty.x86_64.o
 .debug_abbrev  0x0000000000000f6d       0xf6 drivers/x86_64/device.x86_64.o
 .debug_abbrev  0x0000000000001063       0xe5 drivers/x86_64/pit.x86_64.o
 .debug_abbrev  0x0000000000001148      0x178 drivers/x86_64/keyboard.x86_64.o
 .debug_abbrev  0x00000000000012c0      0x1cb drivers/x86_64/disk.x86_64.o
 .debug_abbrev  0x000000000000148b       0x51 drivers/x86_64/metadev.x86_64.o
 .debug_abbrev  0x00000000000014dc      0x166 drivers/x86_64/pci.x86_64.o
 .debug_abbrev  0x0000000000001642       0xed proc/x86_64/_syscall.x86_64.o
 .debug_abbrev  0x000000000000172f       0xb7 proc/x86_64/_proc.x86_64.o
 .debug_abbrev  0x00000000000017e6      0x119 init/common.x86_64.o
 .debug_abbrev  0x00000000000018ff       0x6b kernel/panic.x86_64.o
 .debug_abbrev  0x000000000000196a      0x1cd kernel/thread.x86_64.o
 .debug_abbrev  0x0000000000001b37      0x16d kernel/scheduler.x86_64.o
 .debug_abbrev  0x0000000000001ca4      0x124 kernel/sleepq.x86_64.o
 .debug_abbrev  0x0000000000001dc8       0xfa kernel/semaphore.x86_64.o
 .debug_abbrev  0x0000000000001ec2       0x42 kernel/halt.x86_64.o
 .debug_abbrev  0x0000000000001f04       0xd9 kernel/stalloc.x86_64.o
 .debug_abbrev  0x0000000000001fdd       0xbb kernel/klock.x86_64.o
 .debug_abbrev  0x0000000000002098      0x167 lib/libc.x86_64.o
 .debug_abbrev  0x00000000000021ff      0x143 lib/xprintf.x86_64.o
 .debug_abbrev  0x0000000000002342       0xf1 lib/bitmap.x86_64.o
 .debug_abbrev  0x0000000000002433       0x91 lib/debug.x86_64.o
 .debug_abbrev  0x00000000000024c4      0x11c drivers/bootargs.x86_64.o
 .debug_abbrev  0x00000000000025e0       0xd8 drivers/disksched.x86_64.o
 .debug_abbrev  0x00000000000026b8       0x6d drivers/timer.x86_64.o
 .debug_abbrev  0x0000000000002725       0xdd drivers/modules.x86_64.o
 .debug_abbrev  0x0000000000002802       0xe0 proc/elf.x86_64.o
 .debug_abbrev  0x00000000000028e2       0xa1 proc/syscall.x86_64.o
 .debug_abbrev  0x0000000000002983      0x1cc proc/process.x86_64.o
 .debug_abbrev  0x0000000000002b4f      0x136 proc/fdt.x86_64.o
 .debug_abbrev  0x0000000000002c85      0x1f7 fs/vfs.x86_64.o
 .debug_abbrev  0x0000000000002e7c      0x1b0 fs/tfs.x86_64.o
 .debug_abbrev  0x000000000000302c      0x148 fs/filesystems.x86_64.o
 .debug_abbrev  0x0000000000003174       0x6f lib/gcc/divdi3.x86_64.o
 .debug_abbrev  0x00000000000031e3      0x11a lib/gcc/qdivrem.x86_64.o
 .debug_abbrev  0x00000000000032fd       0x60 lib/gcc/udivdi3.x86_64.o
 .debug_abbrev  0x000000000000335d       0x6f lib/gcc/umoddi3.x86_64.o

.debug_aranges  0x0000000000000000      0x9c0
 .debug_aranges
                0x0000000000000000       0x30 init/x86_64/main.x86_64.o
 .debug_aranges
                0x0000000000000030       0x30 kernel/x86_64/_spinlock.x86_64.o
 .debug_aranges
                0x0000000000000060       0x30 kernel/x86_64/cswitch.x86_64.o
 .debug_aranges
                0x0000000000000090       0x30 kernel/x86_64/interrupt.x86_64.o
 .debug_aranges
                0x00000000000000c0       0x30 kernel/x86_64/stubs.x86_64.o
 .debug_aranges
                0x00000000000000f0       0x30 kernel/x86_64/gdt.x86_64.o
 .debug_aranges
                0x0000000000000120       0x30 kernel/x86_64/idt.x86_64.o
 .debug_aranges
                0x0000000000000150       0x30 kernel/x86_64/exception.x86_64.o
 .debug_aranges
                0x0000000000000180       0x30 kernel/x86_64/pic.x86_64.o
 .debug_aranges
                0x00000000000001b0       0x30 kernel/x86_64/tss.x86_64.o
 .debug_aranges
                0x00000000000001e0       0x30 vm/x86_64/mm_phys.x86_64.o
 .debug_aranges
                0x0000000000000210       0x30 vm/x86_64/mm_virt.x86_64.o
 .debug_aranges
                0x0000000000000240       0x30 lib/x86_64/asm.x86_64.o
 .debug_aranges
                0x0000000000000270       0x30 lib/x86_64/srand.x86_64.o
 .debug_aranges
                0x00000000000002a0       0x30 drivers/x86_64/polltty.x86_64.o
 .debug_aranges
                0x00000000000002d0       0x30 drivers/x86_64/tty.x86_64.o
 .debug_aranges
                0x0000000000000300       0x30 drivers/x86_64/device.x86_64.o
 .debug_aranges
                0x0000000000000330       0x30 drivers/x86_64/pit.x86_64.o
 .debug_aranges
                0x0000000000000360       0x30 drivers/x86_64/keyboard.x86_64.o
 .debug_aranges
                0x0000000000000390       0x30 drivers/x86_64/disk.x86_64.o
 .debug_aranges
                0x00000000000003c0       0x30 drivers/x86_64/metadev.x86_64.o
 .debug_aranges
                0x00000000000003f0       0x30 drivers/x86_64/pci.x86_64.o
 .debug_aranges
                0x0000000000000420       0x30 proc/x86_64/_syscall.x86_64.o
 .debug_aranges
                0x0000000000000450       0x30 proc/x86_64/_proc.x86_64.o
 .debug_aranges
                0x0000000000000480       0x30 init/common.x86_64.o
 .debug_aranges
                0x00000000000004b0       0x30 kernel/panic.x86_64.o
 .debug_aranges
                0x00000000000004e0       0x30 kernel/thread.x86_64.o
 .debug_aranges
                0x0000000000000510       0x30 kernel/scheduler.x86_64.o
 .debug_aranges
                0x0000000000000540       0x30 kernel/sleepq.x86_64.o
 .debug_aranges
                0x0000000000000570       0x30 kernel/semaphore.x86_64.o
 .debug_aranges
                0x00000000000005a0       0x30 kernel/halt.x86_64.o
 .debug_aranges
                0x00000000000005d0       0x30 kernel/stalloc.x86_64.o
 .debug_aranges
                0x0000000000000600       0x30 kernel/klock.x86_64.o
 .debug_aranges
                0x0000000000000630       0x30 lib/libc.x86_64.o
 .debug_aranges
                0x0000000000000660       0x30 lib/xprintf.x86_64.o
 .debug_aranges
                0x0000000000000690       0x30 lib/bitmap.x86_64.o
 .debug_aranges
                0x00000000000006c0       0x30 lib/debug.x86_64.o
 .debug_aranges
                0x00000000000006f0       0x30 drivers/bootargs.x86_64.o
 .debug_aranges
                0x0000000000000720       0x30 drivers/disksched.x86_64.o
 .debug_aranges
                0x0000000000000750       0x30 drivers/timer.x86_64.o
 .debug_aranges
                0x0000000000000780       0x30 drivers/modules.x86_64.o
 .debug_aranges
                0x00000000000007b0       0x30 proc/elf.x86_64.o
 .debug_aranges
                0x00000000000007e0       0x30 proc/syscall.x86_64.o
 .debug_aranges
                0x0000000000000810       0x30 proc/process.x86_64.o
 .debug_aranges
                0x0000000000000840       0x30 proc/fdt.x86_64.o
 .debug_aranges
                0x0000000000000870       0x30 fs/vfs.x86_64.o
 .debug_aranges
                0x00000000000008a0       0x30 fs/tfs.x86_64.o
 .debug_aranges
                0x00000000000008d0       0x30 fs/filesystems.x86_64.o
 .debug_aranges
                0x0000000000000900       0x30 lib/gcc/divdi3.x86_64.o
 .debug_aranges
                0x0000000000000930       0x30 lib/gcc/qdivrem.x86_64.o
 .debug_aranges
                0x0000000000000960       0x30 lib/gcc/udivdi3.x86_64.o
 .debug_aranges
                0x0000000000000990       0x30 lib/gcc/umoddi3.x86_64.o

.debug_line     0x0000000000000000     0x3da7
 .debug_line    0x0000000000000000       0xde init/x86_64/main.x86_64.o
 .debug_line    0x00000000000000de       0x67 kernel/x86_64/_spinlock.x86_64.o
 .debug_line    0x0000000000000145      0x163 kernel/x86_64/cswitch.x86_64.o
 .debug_line    0x00000000000002a8      0x12a kernel/x86_64/interrupt.x86_64.o
 .debug_line    0x00000000000003d2       0x53 kernel/x86_64/stubs.x86_64.o
 .debug_line    0x0000000000000425       0xc9 kernel/x86_64/gdt.x86_64.o
 .debug_line    0x00000000000004ee       0xad kernel/x86_64/idt.x86_64.o
 .debug_line    0x000000000000059b       0xbb kernel/x86_64/exception.x86_64.o
 .debug_line    0x0000000000000656       0xf1 kernel/x86_64/pic.x86_64.o
 .debug_line    0x0000000000000747       0x9c kernel/x86_64/tss.x86_64.o
 .debug_line    0x00000000000007e3      0x20b vm/x86_64/mm_phys.x86_64.o
 .debug_line    0x00000000000009ee      0x1b6 vm/x86_64/mm_virt.x86_64.o
 .debug_line    0x0000000000000ba4       0x75 lib/x86_64/asm.x86_64.o
 .debug_line    0x0000000000000c19       0x4c lib/x86_64/srand.x86_64.o
 .debug_line    0x0000000000000c65       0xd3 drivers/x86_64/polltty.x86_64.o
 .debug_line    0x0000000000000d38      0x172 drivers/x86_64/tty.x86_64.o
 .debug_line    0x0000000000000eaa       0xc4 drivers/x86_64/device.x86_64.o
 .debug_line    0x0000000000000f6e       0xd3 drivers/x86_64/pit.x86_64.o
 .debug_line    0x0000000000001041      0x170 drivers/x86_64/keyboard.x86_64.o
 .debug_line    0x00000000000011b1      0x35d drivers/x86_64/disk.x86_64.o
 .debug_line    0x000000000000150e       0x66 drivers/x86_64/metadev.x86_64.o
 .debug_line    0x0000000000001574      0x165 drivers/x86_64/pci.x86_64.o
 .debug_line    0x00000000000016d9       0x8e proc/x86_64/_syscall.x86_64.o
 .debug_line    0x0000000000001767       0x9e proc/x86_64/_proc.x86_64.o
 .debug_line    0x0000000000001805       0xe8 init/common.x86_64.o
 .debug_line    0x00000000000018ed       0x4b kernel/panic.x86_64.o
 .debug_line    0x0000000000001938      0x1e5 kernel/thread.x86_64.o
 .debug_line    0x0000000000001b1d      0x173 kernel/scheduler.x86_64.o
 .debug_line    0x0000000000001c90      0x193 kernel/sleepq.x86_64.o
 .debug_line    0x0000000000001e23      0x120 kernel/semaphore.x86_64.o
 .debug_line    0x0000000000001f43       0x49 kernel/halt.x86_64.o
 .debug_line    0x0000000000001f8c       0x8e kernel/stalloc.x86_64.o
 .debug_line    0x000000000000201a       0xa2 kernel/klock.x86_64.o
 .debug_line    0x00000000000020bc      0x1ab lib/libc.x86_64.o
 .debug_line    0x0000000000002267      0x322 lib/xprintf.x86_64.o
 .debug_line    0x0000000000002589      0x100 lib/bitmap.x86_64.o
 .debug_line    0x0000000000002689       0x7d lib/debug.x86_64.o
 .debug_line    0x0000000000002706       0xeb drivers/bootargs.x86_64.o
 .debug_line    0x00000000000027f1       0xac drivers/disksched.x86_64.o
 .debug_line    0x000000000000289d       0x7a drivers/timer.x86_64.o
 .debug_line    0x0000000000002917       0x80 drivers/modules.x86_64.o
 .debug_line    0x0000000000002997      0x143 proc/elf.x86_64.o
 .debug_line    0x0000000000002ada       0x76 proc/syscall.x86_64.o
 .debug_line    0x0000000000002b50      0x2fc proc/process.x86_64.o
 .debug_line    0x0000000000002e4c      0x168 proc/fdt.x86_64.o
 .debug_line    0x0000000000002fb4      0x4a7 fs/vfs.x86_64.o
 .debug_line    0x000000000000345b      0x4be fs/tfs.x86_64.o
 .debug_line    0x0000000000003919      0x1ce fs/filesystems.x86_64.o
 .debug_line    0x0000000000003ae7       0x66 lib/gcc/divdi3.x86_64.o
 .debug_line    0x0000000000003b4d      0x1a1 lib/gcc/qdivrem.x86_64.o
 .debug_line    0x0000000000003cee       0x5c lib/gcc/udivdi3.x86_64.o
 .debug_line    0x0000000000003d4a       0x5d lib/gcc/umoddi3.x86_64.o

.debug_str      0x0000000000000000     0x2671
 .debug_str     0x0000000000000000      0x2b6 init/x86_64/main.x86_64.o
                                        0x318 (size before relaxing)
 .debug_str     0x00000000000002b6       0x45 kernel/x86_64/_spinlock.x86_64.o
                                        0x10b (size before relaxing)
 .debug_str     0x00000000000002fb      0x1a8 kernel/x86_64/cswitch.x86_64.o
                                        0x34c (size before relaxing)
 .debug_str     0x00000000000004a3      0x160 kernel/x86_64/interrupt.x86_64.o
                                        0x2f9 (size before relaxing)
 .debug_str     0x0000000000000603       0x31 kernel/x86_64/stubs.x86_64.o
                                        0x17e (size before relaxing)
 .debug_str     0x0000000000000634      0x12e kernel/x86_64/gdt.x86_64.o
                                        0x2a0 (size before relaxing)
 .debug_str     0x0000000000000762       0xae kernel/x86_64/idt.x86_64.o
                                        0x24e (size before relaxing)
 .debug_str     0x0000000000000810       0x29 kernel/x86_64/exception.x86_64.o
                                        0x170 (size before relaxing)
 .debug_str     0x0000000000000839       0x8c kernel/x86_64/pic.x86_64.o
                                        0x1ea (size before relaxing)
 .debug_str     0x00000000000008c5       0xba kernel/x86_64/tss.x86_64.o
                                        0x23c (size before relaxing)
 .debug_str     0x000000000000097f      0x1f9 vm/x86_64/mm_phys.x86_64.o
                                        0x50f (size before relaxing)
 .debug_str     0x0000000000000b78      0x1f2 vm/x86_64/mm_virt.x86_64.o
                                        0x435 (size before relaxing)
 .debug_str     0x0000000000000d6a       0x3b lib/x86_64/asm.x86_64.o
                                        0x192 (size before relaxing)
 .debug_str     0x0000000000000da5       0x2c lib/x86_64/srand.x86_64.o
                                         0xf6 (size before relaxing)
 .debug_str     0x0000000000000dd1       0x9c drivers/x86_64/polltty.x86_64.o
                                        0x24e (size before relaxing)
 .debug_str     0x0000000000000e6d       0x55 drivers/x86_64/tty.x86_64.o
                                        0x2a3 (size before relaxing)
 .debug_str     0x0000000000000ec2       0x67 drivers/x86_64/device.x86_64.o
                                        0x220 (size before relaxing)
 .debug_str     0x0000000000000f29       0x8f drivers/x86_64/pit.x86_64.o
                                        0x249 (size before relaxing)
 .debug_str     0x0000000000000fb8      0x13d drivers/x86_64/keyboard.x86_64.o
                                        0x2ad (size before relaxing)
 .debug_str     0x00000000000010f5      0x44c drivers/x86_64/disk.x86_64.o
                                        0x6e5 (size before relaxing)
 .debug_str     0x0000000000001541       0x26 drivers/x86_64/metadev.x86_64.o
                                        0x17c (size before relaxing)
 .debug_str     0x0000000000001567       0xe5 drivers/x86_64/pci.x86_64.o
                                        0x40c (size before relaxing)
 .debug_str     0x000000000000164c       0x3d proc/x86_64/_syscall.x86_64.o
                                        0x228 (size before relaxing)
 .debug_str     0x0000000000001689       0x4f proc/x86_64/_proc.x86_64.o
                                        0x20f (size before relaxing)
 .debug_str     0x00000000000016d8       0x55 init/common.x86_64.o
                                        0x222 (size before relaxing)
 .debug_str     0x000000000000172d       0x29 kernel/panic.x86_64.o
                                        0x185 (size before relaxing)
 .debug_str     0x0000000000001756      0x13d kernel/thread.x86_64.o
                                        0x416 (size before relaxing)
 .debug_str     0x0000000000001893       0xa7 kernel/scheduler.x86_64.o
                                        0x3d4 (size before relaxing)
 .debug_str     0x000000000000193a       0x85 kernel/sleepq.x86_64.o
                                        0x366 (size before relaxing)
 .debug_str     0x00000000000019bf       0x8a kernel/semaphore.x86_64.o
                                        0x23a (size before relaxing)
 .debug_str     0x0000000000001a49       0x1a kernel/halt.x86_64.o
                                        0x16c (size before relaxing)
 .debug_str     0x0000000000001a63       0x46 kernel/stalloc.x86_64.o
                                        0x1ce (size before relaxing)
 .debug_str     0x0000000000001aa9       0x30 kernel/klock.x86_64.o
                                        0x1a6 (size before relaxing)
 .debug_str     0x0000000000001ad9       0xc8 lib/libc.x86_64.o
                                        0x266 (size before relaxing)
 .debug_str     0x0000000000001ba1       0xd5 lib/xprintf.x86_64.o
                                        0x2a9 (size before relaxing)
 .debug_str     0x0000000000001c76       0x67 lib/bitmap.x86_64.o
                                        0x1cf (size before relaxing)
 .debug_str     0x0000000000001cdd       0x28 lib/debug.x86_64.o
                                        0x196 (size before relaxing)
 .debug_str     0x0000000000001d05       0x90 drivers/bootargs.x86_64.o
                                        0x1fe (size before relaxing)
 .debug_str     0x0000000000001d95       0x2d drivers/disksched.x86_64.o
                                        0x244 (size before relaxing)
 .debug_str     0x0000000000001dc2       0x20 drivers/timer.x86_64.o
                                        0x180 (size before relaxing)
 .debug_str     0x0000000000001de2       0x1f drivers/modules.x86_64.o
                                        0x210 (size before relaxing)
 .debug_str     0x0000000000001e01      0x1ae proc/elf.x86_64.o
                                        0x338 (size before relaxing)
 .debug_str     0x0000000000001faf       0x57 proc/syscall.x86_64.o
                                        0x1ca (size before relaxing)
 .debug_str     0x0000000000002006      0x10c proc/process.x86_64.o
                                        0x523 (size before relaxing)
 .debug_str     0x0000000000002112       0x89 proc/fdt.x86_64.o
                                        0x241 (size before relaxing)
 .debug_str     0x000000000000219b      0x1f6 fs/vfs.x86_64.o
                                        0x51e (size before relaxing)
 .debug_str     0x0000000000002391       0xf4 fs/tfs.x86_64.o
                                        0x49e (size before relaxing)
 .debug_str     0x0000000000002485      0x138 fs/filesystems.x86_64.o
                                        0x4ad (size before relaxing)
 .debug_str     0x00000000000025bd       0x23 lib/gcc/divdi3.x86_64.o
                                        0x125 (size before relaxing)
 .debug_str     0x00000000000025e0       0x59 lib/gcc/qdivrem.x86_64.o
                                        0x177 (size before relaxing)
 .debug_str     0x0000000000002639       0x1c lib/gcc/udivdi3.x86_64.o
                                        0x120 (size before relaxing)
 .debug_str     0x0000000000002655       0x1c lib/gcc/umoddi3.x86_64.o
                                        0x120 (size before relaxing)

.note.GNU-stack
                0x0000000000000000        0x0
 .note.GNU-stack
                0x0000000000000000        0x0 init/x86_64/main.x86_64.o
 .note.GNU-stack
                0x0000000000000000        0x0 kernel/x86_64/_spinlock.x86_64.o
 .note.GNU-stack
                0x0000000000000000        0x0 kernel/x86_64/cswitch.x86_64.o
 .note.GNU-stack
                0x0000000000000000        0x0 kernel/x86_64/interrupt.x86_64.o
 .note.GNU-stack
                0x0000000000000000        0x0 kernel/x86_64/stubs.x86_64.o
 .note.GNU-stack
                0x0000000000000000        0x0 kernel/x86_64/gdt.x86_64.o
 .note.GNU-stack
                0x0000000000000000        0x0 kernel/x86_64/idt.x86_64.o
 .note.GNU-stack
                0x0000000000000000        0x0 kernel/x86_64/exception.x86_64.o
 .note.GNU-stack
                0x0000000000000000        0x0 kernel/x86_64/pic.x86_64.o
 .note.GNU-stack
                0x0000000000000000        0x0 kernel/x86_64/tss.x86_64.o
 .note.GNU-stack
                0x0000000000000000        0x0 vm/x86_64/mm_phys.x86_64.o
 .note.GNU-stack
                0x0000000000000000        0x0 vm/x86_64/mm_virt.x86_64.o
 .note.GNU-stack
                0x0000000000000000        0x0 lib/x86_64/asm.x86_64.o
 .note.GNU-stack
                0x0000000000000000        0x0 lib/x86_64/srand.x86_64.o
 .note.GNU-stack
                0x0000000000000000        0x0 drivers/x86_64/polltty.x86_64.o
 .note.GNU-stack
                0x0000000000000000        0x0 drivers/x86_64/tty.x86_64.o
 .note.GNU-stack
                0x0000000000000000        0x0 drivers/x86_64/device.x86_64.o
 .note.GNU-stack
                0x0000000000000000        0x0 drivers/x86_64/pit.x86_64.o
 .note.GNU-stack
                0x0000000000000000        0x0 drivers/x86_64/keyboard.x86_64.o
 .note.GNU-stack
                0x0000000000000000        0x0 drivers/x86_64/disk.x86_64.o
 .note.GNU-stack
                0x0000000000000000        0x0 drivers/x86_64/metadev.x86_64.o
 .note.GNU-stack
                0x0000000000000000        0x0 drivers/x86_64/pci.x86_64.o
 .note.GNU-stack
                0x0000000000000000        0x0 proc/x86_64/_syscall.x86_64.o
 .note.GNU-stack
                0x0000000000000000        0x0 proc/x86_64/_proc.x86_64.o
 .note.GNU-stack
                0x0000000000000000        0x0 init/common.x86_64.o
 .note.GNU-stack
                0x0000000000000000        0x0 kernel/panic.x86_64.o
 .note.GNU-stack
                0x0000000000000000        0x0 kernel/thread.x86_64.o
 .note.GNU-stack
                0x0000000000000000        0x0 kernel/scheduler.x86_64.o
 .note.GNU-stack
                0x0000000000000000        0x0 kernel/sleepq.x86_64.o
 .note.GNU-stack
                0x0000000000000000        0x0 kernel/semaphore.x86_64.o
 .note.GNU-stack
                0x0000000000000000        0x0 kernel/halt.x86_64.o
 .note.GNU-stack
                0x0000000000000000        0x0 kernel/stalloc.x86_64.o
 .note.GNU-stack
                0x0000000000000000        0x0 kernel/klock.x86_64.o
 .note.GNU-stack
                0x0000000000000000        0x0 lib/libc.x86_64.o
 .note.GNU-stack
                0x0000000000000000        0x0 lib/xprintf.x86_64.o
 .note.GNU-stack
                0x0000000000000000        0x0 lib/bitmap.x86_64.o
 .note.GNU-stack
                0x0000000000000000        0x0 lib/debug.x86_64.o
 .note.GNU-stack
                0x0000000000000000        0x0 drivers/bootargs.x86_64.o
 .note.GNU-stack
                0x0000000000000000        0x0 drivers/disksched.x86_64.o
 .note.GNU-stack
                0x0000000000000000        0x0 drivers/timer.x86_64.o
 .note.GNU-stack
                0x0000000000000000        0x0 drivers/modules.x86_64.o
 .note.GNU-stack
                0x0000000000000000        0x0 proc/elf.x86_64.o
 .note.GNU-stack
                0x0000000000000000        0x0 proc/syscall.x86_64.o
 .note.GNU-stack
                0x0000000000000000        0x0 proc/process.x86_64.o
 .note.GNU-stack
                0x0000000000000000        0x0 proc/fdt.x86_64.o
 .note.GNU-stack
                0x0000000000000000        0x0 fs/vfs.x86_64.o
 .note.GNU-stack
                0x0000000000000000        0x0 fs/tfs.x86_64.o
 .note.GNU-stack
                0x0000000000000000        0x0 fs/filesystems.x86_64.o
 .note.GNU-stack
                0x0000000000000000        0x0 lib/gcc/divdi3.x86_64.o
 .note.GNU-stack
                0x0000000000000000        0x0 lib/gcc/qdivrem.x86_64.o
 .note.GNU-stack
                0x0000000000000000        0x0 lib/gcc/udivdi3.x86_64.o
 .note.GNU-stack
                0x0000000000000000        0x0 lib/gcc/umoddi3.x86_64.o

.debug_ranges   0x0000000000000000       0xc0
 .debug_ranges  0x0000000000000000       0x60 drivers/x86_64/tty.x86_64.o
 .debug_ranges  0x0000000000000060       0x60 fs/filesystems.x86_64.o
